00:37:33 **** Clean-only build of configuration Debug for project Bai4_I2C_Realtimeclock ****
make -j8 clean 
rm -rf ./Drivers/STM32F4xx_HAL_Driver/Src/stm32f4xx_hal.cyclo ./Drivers/STM32F4xx_HAL_Driver/Src/stm32f4xx_hal.d ./Drivers/STM32F4xx_HAL_Driver/Src/stm32f4xx_hal.o ./Drivers/STM32F4xx_HAL_Driver/Src/stm32f4xx_hal.su ./Drivers/STM32F4xx_HAL_Driver/Src/stm32f4xx_hal_cortex.cyclo ./Drivers/STM32F4xx_HAL_Driver/Src/stm32f4xx_hal_cortex.d ./Drivers/STM32F4xx_HAL_Driver/Src/stm32f4xx_hal_cortex.o ./Drivers/STM32F4xx_HAL_Driver/Src/stm32f4xx_hal_cortex.su ./Drivers/STM32F4xx_HAL_Driver/Src/stm32f4xx_hal_dma.cyclo ./Drivers/STM32F4xx_HAL_Driver/Src/stm32f4xx_hal_dma.d ./Drivers/STM32F4xx_HAL_Driver/Src/stm32f4xx_hal_dma.o ./Drivers/STM32F4xx_HAL_Driver/Src/stm32f4xx_hal_dma.su ./Drivers/STM32F4xx_HAL_Driver/Src/stm32f4xx_hal_dma_ex.cyclo ./Drivers/STM32F4xx_HAL_Driver/Src/stm32f4xx_hal_dma_ex.d ./Drivers/STM32F4xx_HAL_Driver/Src/stm32f4xx_hal_dma_ex.o ./Drivers/STM32F4xx_HAL_Driver/Src/stm32f4xx_hal_dma_ex.su ./Drivers/STM32F4xx_HAL_Driver/Src/stm32f4xx_hal_exti.cyclo ./Drivers/STM32F4xx_HAL_Driver/Src/stm32f4xx_hal_exti.d ./Drivers/STM32F4xx_HAL_Driver/Src/stm32f4xx_hal_exti.o ./Drivers/STM32F4xx_HAL_Driver/Src/stm32f4xx_hal_exti.su ./Drivers/STM32F4xx_HAL_Driver/Src/stm32f4xx_hal_flash.cyclo ./Drivers/STM32F4xx_HAL_Driver/Src/stm32f4xx_hal_flash.d ./Drivers/STM32F4xx_HAL_Driver/Src/stm32f4xx_hal_flash.o ./Drivers/STM32F4xx_HAL_Driver/Src/stm32f4xx_hal_flash.su ./Drivers/STM32F4xx_HAL_Driver/Src/stm32f4xx_hal_flash_ex.cyclo ./Drivers/STM32F4xx_HAL_Driver/Src/stm32f4xx_hal_flash_ex.d ./Drivers/STM32F4xx_HAL_Driver/Src/stm32f4xx_hal_flash_ex.o ./Drivers/STM32F4xx_HAL_Driver/Src/stm32f4xx_hal_flash_ex.su ./Drivers/STM32F4xx_HAL_Driver/Src/stm32f4xx_hal_flash_ramfunc.cyclo ./Drivers/STM32F4xx_HAL_Driver/Src/stm32f4xx_hal_flash_ramfunc.d ./Drivers/STM32F4xx_HAL_Driver/Src/stm32f4xx_hal_flash_ramfunc.o ./Drivers/STM32F4xx_HAL_Driver/Src/stm32f4xx_hal_flash_ramfunc.su ./Drivers/STM32F4xx_HAL_Driver/Src/stm32f4xx_hal_gpio.cyclo ./Drivers/STM32F4xx_HAL_Driver/Src/stm32f4xx_hal_gpio.d ./Drivers/STM32F4xx_HAL_Driver/Src/stm32f4xx_hal_gpio.o ./Drivers/STM32F4xx_HAL_Driver/Src/stm32f4xx_hal_gpio.su ./Drivers/STM32F4xx_HAL_Driver/Src/stm32f4xx_hal_i2c.cyclo ./Drivers/STM32F4xx_HAL_Driver/Src/stm32f4xx_hal_i2c.d ./Drivers/STM32F4xx_HAL_Driver/Src/stm32f4xx_hal_i2c.o ./Drivers/STM32F4xx_HAL_Driver/Src/stm32f4xx_hal_i2c.su ./Drivers/STM32F4xx_HAL_Driver/Src/stm32f4xx_hal_i2c_ex.cyclo ./Drivers/STM32F4xx_HAL_Driver/Src/stm32f4xx_hal_i2c_ex.d ./Drivers/STM32F4xx_HAL_Driver/Src/stm32f4xx_hal_i2c_ex.o ./Drivers/STM32F4xx_HAL_Driver/Src/stm32f4xx_hal_i2c_ex.su ./Drivers/STM32F4xx_HAL_Driver/Src/stm32f4xx_hal_pwr.cyclo ./Drivers/STM32F4xx_HAL_Driver/Src/stm32f4xx_hal_pwr.d ./Drivers/STM32F4xx_HAL_Driver/Src/stm32f4xx_hal_pwr.o ./Drivers/STM32F4xx_HAL_Driver/Src/stm32f4xx_hal_pwr.su ./Drivers/STM32F4xx_HAL_Driver/Src/stm32f4xx_hal_pwr_ex.cyclo ./Drivers/STM32F4xx_HAL_Driver/Src/stm32f4xx_hal_pwr_ex.d ./Drivers/STM32F4xx_HAL_Driver/Src/stm32f4xx_hal_pwr_ex.o ./Drivers/STM32F4xx_HAL_Driver/Src/stm32f4xx_hal_pwr_ex.su ./Drivers/STM32F4xx_HAL_Driver/Src/stm32f4xx_hal_rcc.cyclo ./Drivers/STM32F4xx_HAL_Driver/Src/stm32f4xx_hal_rcc.d ./Drivers/STM32F4xx_HAL_Driver/Src/stm32f4xx_hal_rcc.o ./Drivers/STM32F4xx_HAL_Driver/Src/stm32f4xx_hal_rcc.su ./Drivers/STM32F4xx_HAL_Driver/Src/stm32f4xx_hal_rcc_ex.cyclo ./Drivers/STM32F4xx_HAL_Driver/Src/stm32f4xx_hal_rcc_ex.d ./Drivers/STM32F4xx_HAL_Driver/Src/stm32f4xx_hal_rcc_ex.o ./Drivers/STM32F4xx_HAL_Driver/Src/stm32f4xx_hal_rcc_ex.su ./Drivers/STM32F4xx_HAL_Driver/Src/stm32f4xx_hal_spi.cyclo ./Drivers/STM32F4xx_HAL_Driver/Src/stm32f4xx_hal_spi.d ./Drivers/STM32F4xx_HAL_Driver/Src/stm32f4xx_hal_spi.o ./Drivers/STM32F4xx_HAL_Driver/Src/stm32f4xx_hal_spi.su ./Drivers/STM32F4xx_HAL_Driver/Src/stm32f4xx_hal_sram.cyclo ./Drivers/STM32F4xx_HAL_Driver/Src/stm32f4xx_hal_sram.d ./Drivers/STM32F4xx_HAL_Driver/Src/stm32f4xx_hal_sram.o ./Drivers/STM32F4xx_HAL_Driver/Src/stm32f4xx_hal_sram.su ./Drivers/STM32F4xx_HAL_Driver/Src/stm32f4xx_hal_tim.cyclo ./Drivers/STM32F4xx_HAL_Driver/Src/stm32f4xx_hal_tim.d ./Drivers/STM32F4xx_HAL_Driver/Src/stm32f4xx_hal_tim.o ./Drivers/STM32F4xx_HAL_Driver/Src/stm32f4xx_hal_tim.su ./Drivers/STM32F4xx_HAL_Driver/Src/stm32f4xx_hal_tim_ex.cyclo ./Drivers/STM32F4xx_HAL_Driver/Src/stm32f4xx_hal_tim_ex.d ./Drivers/STM32F4xx_HAL_Driver/Src/stm32f4xx_hal_tim_ex.o ./Drivers/STM32F4xx_HAL_Driver/Src/stm32f4xx_hal_tim_ex.su ./Drivers/STM32F4xx_HAL_Driver/Src/stm32f4xx_ll_fsmc.cyclo ./Drivers/STM32F4xx_HAL_Driver/Src/stm32f4xx_ll_fsmc.d ./Drivers/STM32F4xx_HAL_Driver/Src/stm32f4xx_ll_fsmc.o ./Drivers/STM32F4xx_HAL_Driver/Src/stm32f4xx_ll_fsmc.su
rm -rf ./Core/Startup/startup_stm32f407zetx.d ./Core/Startup/startup_stm32f407zetx.o
rm -rf ./Core/Src/button.cyclo ./Core/Src/button.d ./Core/Src/button.o ./Core/Src/button.su ./Core/Src/ds3231.cyclo ./Core/Src/ds3231.d ./Core/Src/ds3231.o ./Core/Src/ds3231.su ./Core/Src/fsmc.cyclo ./Core/Src/fsmc.d ./Core/Src/fsmc.o ./Core/Src/fsmc.su ./Core/Src/gpio.cyclo ./Core/Src/gpio.d ./Core/Src/gpio.o ./Core/Src/gpio.su ./Core/Src/i2c.cyclo ./Core/Src/i2c.d ./Core/Src/i2c.o ./Core/Src/i2c.su ./Core/Src/lcd.cyclo ./Core/Src/lcd.d ./Core/Src/lcd.o ./Core/Src/lcd.su ./Core/Src/led_7seg.cyclo ./Core/Src/led_7seg.d ./Core/Src/led_7seg.o ./Core/Src/led_7seg.su ./Core/Src/main.cyclo ./Core/Src/main.d ./Core/Src/main.o ./Core/Src/main.su ./Core/Src/picture.cyclo ./Core/Src/picture.d ./Core/Src/picture.o ./Core/Src/picture.su ./Core/Src/software_timer.cyclo ./Core/Src/software_timer.d ./Core/Src/software_timer.o ./Core/Src/software_timer.su ./Core/Src/spi.cyclo ./Core/Src/spi.d ./Core/Src/spi.o ./Core/Src/spi.su ./Core/Src/stm32f4xx_hal_msp.cyclo ./Core/Src/stm32f4xx_hal_msp.d ./Core/Src/stm32f4xx_hal_msp.o ./Core/Src/stm32f4xx_hal_msp.su ./Core/Src/stm32f4xx_it.cyclo ./Core/Src/stm32f4xx_it.d ./Core/Src/stm32f4xx_it.o ./Core/Src/stm32f4xx_it.su ./Core/Src/syscalls.cyclo ./Core/Src/syscalls.d ./Core/Src/syscalls.o ./Core/Src/syscalls.su ./Core/Src/sysmem.cyclo ./Core/Src/sysmem.d ./Core/Src/sysmem.o ./Core/Src/sysmem.su ./Core/Src/system_stm32f4xx.cyclo ./Core/Src/system_stm32f4xx.d ./Core/Src/system_stm32f4xx.o ./Core/Src/system_stm32f4xx.su ./Core/Src/tim.cyclo ./Core/Src/tim.d ./Core/Src/tim.o ./Core/Src/tim.su ./Core/Src/utils.cyclo ./Core/Src/utils.d ./Core/Src/utils.o ./Core/Src/utils.su
rm -rf Bai4_I2C_Realtimeclock.elf Bai4_I2C_Realtimeclock.hex Bai4_I2C_Realtimeclock.list Bai4_I2C_Realtimeclock.map default.size.stdout
 
00:37:34 **** Build of configuration Debug for project Bai4_I2C_Realtimeclock ****
make -j8 all 
arm-none-eabi-gcc "../Drivers/STM32F4xx_HAL_Driver/Src/stm32f4xx_hal.c" -mcpu=cortex-m4 -std=gnu11 -g3 -DDEBUG -DUSE_HAL_DRIVER -DSTM32F407xx -c -I../Core/Inc -I../Drivers/STM32F4xx_HAL_Driver/Inc -I../Drivers/STM32F4xx_HAL_Driver/Inc/Legacy -I../Drivers/CMSIS/Device/ST/STM32F4xx/Include -I../Drivers/CMSIS/Include -O0 -ffunction-sections -fdata-sections -Wall -fstack-usage -MMD -MP -MF"Drivers/STM32F4xx_HAL_Driver/Src/stm32f4xx_hal.d" -MT"Drivers/STM32F4xx_HAL_Driver/Src/stm32f4xx_hal.o" --specs=nano.specs -mfpu=fpv4-sp-d16 -mfloat-abi=hard -mthumb -o "Drivers/STM32F4xx_HAL_Driver/Src/stm32f4xx_hal.o"
arm-none-eabi-gcc "../Drivers/STM32F4xx_HAL_Driver/Src/stm32f4xx_hal_cortex.c" -mcpu=cortex-m4 -std=gnu11 -g3 -DDEBUG -DUSE_HAL_DRIVER -DSTM32F407xx -c -I../Core/Inc -I../Drivers/STM32F4xx_HAL_Driver/Inc -I../Drivers/STM32F4xx_HAL_Driver/Inc/Legacy -I../Drivers/CMSIS/Device/ST/STM32F4xx/Include -I../Drivers/CMSIS/Include -O0 -ffunction-sections -fdata-sections -Wall -fstack-usage -MMD -MP -MF"Drivers/STM32F4xx_HAL_Driver/Src/stm32f4xx_hal_cortex.d" -MT"Drivers/STM32F4xx_HAL_Driver/Src/stm32f4xx_hal_cortex.o" --specs=nano.specs -mfpu=fpv4-sp-d16 -mfloat-abi=hard -mthumb -o "Drivers/STM32F4xx_HAL_Driver/Src/stm32f4xx_hal_cortex.o"
arm-none-eabi-gcc "../Drivers/STM32F4xx_HAL_Driver/Src/stm32f4xx_hal_dma.c" -mcpu=cortex-m4 -std=gnu11 -g3 -DDEBUG -DUSE_HAL_DRIVER -DSTM32F407xx -c -I../Core/Inc -I../Drivers/STM32F4xx_HAL_Driver/Inc -I../Drivers/STM32F4xx_HAL_Driver/Inc/Legacy -I../Drivers/CMSIS/Device/ST/STM32F4xx/Include -I../Drivers/CMSIS/Include -O0 -ffunction-sections -fdata-sections -Wall -fstack-usage -MMD -MP -MF"Drivers/STM32F4xx_HAL_Driver/Src/stm32f4xx_hal_dma.d" -MT"Drivers/STM32F4xx_HAL_Driver/Src/stm32f4xx_hal_dma.o" --specs=nano.specs -mfpu=fpv4-sp-d16 -mfloat-abi=hard -mthumb -o "Drivers/STM32F4xx_HAL_Driver/Src/stm32f4xx_hal_dma.o"
arm-none-eabi-gcc "../Drivers/STM32F4xx_HAL_Driver/Src/stm32f4xx_hal_dma_ex.c" -mcpu=cortex-m4 -std=gnu11 -g3 -DDEBUG -DUSE_HAL_DRIVER -DSTM32F407xx -c -I../Core/Inc -I../Drivers/STM32F4xx_HAL_Driver/Inc -I../Drivers/STM32F4xx_HAL_Driver/Inc/Legacy -I../Drivers/CMSIS/Device/ST/STM32F4xx/Include -I../Drivers/CMSIS/Include -O0 -ffunction-sections -fdata-sections -Wall -fstack-usage -MMD -MP -MF"Drivers/STM32F4xx_HAL_Driver/Src/stm32f4xx_hal_dma_ex.d" -MT"Drivers/STM32F4xx_HAL_Driver/Src/stm32f4xx_hal_dma_ex.o" --specs=nano.specs -mfpu=fpv4-sp-d16 -mfloat-abi=hard -mthumb -o "Drivers/STM32F4xx_HAL_Driver/Src/stm32f4xx_hal_dma_ex.o"
arm-none-eabi-gcc "../Drivers/STM32F4xx_HAL_Driver/Src/stm32f4xx_hal_exti.c" -mcpu=cortex-m4 -std=gnu11 -g3 -DDEBUG -DUSE_HAL_DRIVER -DSTM32F407xx -c -I../Core/Inc -I../Drivers/STM32F4xx_HAL_Driver/Inc -I../Drivers/STM32F4xx_HAL_Driver/Inc/Legacy -I../Drivers/CMSIS/Device/ST/STM32F4xx/Include -I../Drivers/CMSIS/Include -O0 -ffunction-sections -fdata-sections -Wall -fstack-usage -MMD -MP -MF"Drivers/STM32F4xx_HAL_Driver/Src/stm32f4xx_hal_exti.d" -MT"Drivers/STM32F4xx_HAL_Driver/Src/stm32f4xx_hal_exti.o" --specs=nano.specs -mfpu=fpv4-sp-d16 -mfloat-abi=hard -mthumb -o "Drivers/STM32F4xx_HAL_Driver/Src/stm32f4xx_hal_exti.o"
arm-none-eabi-gcc "../Drivers/STM32F4xx_HAL_Driver/Src/stm32f4xx_hal_flash.c" -mcpu=cortex-m4 -std=gnu11 -g3 -DDEBUG -DUSE_HAL_DRIVER -DSTM32F407xx -c -I../Core/Inc -I../Drivers/STM32F4xx_HAL_Driver/Inc -I../Drivers/STM32F4xx_HAL_Driver/Inc/Legacy -I../Drivers/CMSIS/Device/ST/STM32F4xx/Include -I../Drivers/CMSIS/Include -O0 -ffunction-sections -fdata-sections -Wall -fstack-usage -MMD -MP -MF"Drivers/STM32F4xx_HAL_Driver/Src/stm32f4xx_hal_flash.d" -MT"Drivers/STM32F4xx_HAL_Driver/Src/stm32f4xx_hal_flash.o" --specs=nano.specs -mfpu=fpv4-sp-d16 -mfloat-abi=hard -mthumb -o "Drivers/STM32F4xx_HAL_Driver/Src/stm32f4xx_hal_flash.o"
arm-none-eabi-gcc "../Drivers/STM32F4xx_HAL_Driver/Src/stm32f4xx_hal_flash_ex.c" -mcpu=cortex-m4 -std=gnu11 -g3 -DDEBUG -DUSE_HAL_DRIVER -DSTM32F407xx -c -I../Core/Inc -I../Drivers/STM32F4xx_HAL_Driver/Inc -I../Drivers/STM32F4xx_HAL_Driver/Inc/Legacy -I../Drivers/CMSIS/Device/ST/STM32F4xx/Include -I../Drivers/CMSIS/Include -O0 -ffunction-sections -fdata-sections -Wall -fstack-usage -MMD -MP -MF"Drivers/STM32F4xx_HAL_Driver/Src/stm32f4xx_hal_flash_ex.d" -MT"Drivers/STM32F4xx_HAL_Driver/Src/stm32f4xx_hal_flash_ex.o" --specs=nano.specs -mfpu=fpv4-sp-d16 -mfloat-abi=hard -mthumb -o "Drivers/STM32F4xx_HAL_Driver/Src/stm32f4xx_hal_flash_ex.o"
arm-none-eabi-gcc "../Drivers/STM32F4xx_HAL_Driver/Src/stm32f4xx_hal_flash_ramfunc.c" -mcpu=cortex-m4 -std=gnu11 -g3 -DDEBUG -DUSE_HAL_DRIVER -DSTM32F407xx -c -I../Core/Inc -I../Drivers/STM32F4xx_HAL_Driver/Inc -I../Drivers/STM32F4xx_HAL_Driver/Inc/Legacy -I../Drivers/CMSIS/Device/ST/STM32F4xx/Include -I../Drivers/CMSIS/Include -O0 -ffunction-sections -fdata-sections -Wall -fstack-usage -MMD -MP -MF"Drivers/STM32F4xx_HAL_Driver/Src/stm32f4xx_hal_flash_ramfunc.d" -MT"Drivers/STM32F4xx_HAL_Driver/Src/stm32f4xx_hal_flash_ramfunc.o" --specs=nano.specs -mfpu=fpv4-sp-d16 -mfloat-abi=hard -mthumb -o "Drivers/STM32F4xx_HAL_Driver/Src/stm32f4xx_hal_flash_ramfunc.o"
arm-none-eabi-gcc "../Drivers/STM32F4xx_HAL_Driver/Src/stm32f4xx_hal_gpio.c" -mcpu=cortex-m4 -std=gnu11 -g3 -DDEBUG -DUSE_HAL_DRIVER -DSTM32F407xx -c -I../Core/Inc -I../Drivers/STM32F4xx_HAL_Driver/Inc -I../Drivers/STM32F4xx_HAL_Driver/Inc/Legacy -I../Drivers/CMSIS/Device/ST/STM32F4xx/Include -I../Drivers/CMSIS/Include -O0 -ffunction-sections -fdata-sections -Wall -fstack-usage -MMD -MP -MF"Drivers/STM32F4xx_HAL_Driver/Src/stm32f4xx_hal_gpio.d" -MT"Drivers/STM32F4xx_HAL_Driver/Src/stm32f4xx_hal_gpio.o" --specs=nano.specs -mfpu=fpv4-sp-d16 -mfloat-abi=hard -mthumb -o "Drivers/STM32F4xx_HAL_Driver/Src/stm32f4xx_hal_gpio.o"
arm-none-eabi-gcc "../Drivers/STM32F4xx_HAL_Driver/Src/stm32f4xx_hal_i2c.c" -mcpu=cortex-m4 -std=gnu11 -g3 -DDEBUG -DUSE_HAL_DRIVER -DSTM32F407xx -c -I../Core/Inc -I../Drivers/STM32F4xx_HAL_Driver/Inc -I../Drivers/STM32F4xx_HAL_Driver/Inc/Legacy -I../Drivers/CMSIS/Device/ST/STM32F4xx/Include -I../Drivers/CMSIS/Include -O0 -ffunction-sections -fdata-sections -Wall -fstack-usage -MMD -MP -MF"Drivers/STM32F4xx_HAL_Driver/Src/stm32f4xx_hal_i2c.d" -MT"Drivers/STM32F4xx_HAL_Driver/Src/stm32f4xx_hal_i2c.o" --specs=nano.specs -mfpu=fpv4-sp-d16 -mfloat-abi=hard -mthumb -o "Drivers/STM32F4xx_HAL_Driver/Src/stm32f4xx_hal_i2c.o"
arm-none-eabi-gcc "../Drivers/STM32F4xx_HAL_Driver/Src/stm32f4xx_hal_i2c_ex.c" -mcpu=cortex-m4 -std=gnu11 -g3 -DDEBUG -DUSE_HAL_DRIVER -DSTM32F407xx -c -I../Core/Inc -I../Drivers/STM32F4xx_HAL_Driver/Inc -I../Drivers/STM32F4xx_HAL_Driver/Inc/Legacy -I../Drivers/CMSIS/Device/ST/STM32F4xx/Include -I../Drivers/CMSIS/Include -O0 -ffunction-sections -fdata-sections -Wall -fstack-usage -MMD -MP -MF"Drivers/STM32F4xx_HAL_Driver/Src/stm32f4xx_hal_i2c_ex.d" -MT"Drivers/STM32F4xx_HAL_Driver/Src/stm32f4xx_hal_i2c_ex.o" --specs=nano.specs -mfpu=fpv4-sp-d16 -mfloat-abi=hard -mthumb -o "Drivers/STM32F4xx_HAL_Driver/Src/stm32f4xx_hal_i2c_ex.o"
arm-none-eabi-gcc "../Drivers/STM32F4xx_HAL_Driver/Src/stm32f4xx_hal_pwr.c" -mcpu=cortex-m4 -std=gnu11 -g3 -DDEBUG -DUSE_HAL_DRIVER -DSTM32F407xx -c -I../Core/Inc -I../Drivers/STM32F4xx_HAL_Driver/Inc -I../Drivers/STM32F4xx_HAL_Driver/Inc/Legacy -I../Drivers/CMSIS/Device/ST/STM32F4xx/Include -I../Drivers/CMSIS/Include -O0 -ffunction-sections -fdata-sections -Wall -fstack-usage -MMD -MP -MF"Drivers/STM32F4xx_HAL_Driver/Src/stm32f4xx_hal_pwr.d" -MT"Drivers/STM32F4xx_HAL_Driver/Src/stm32f4xx_hal_pwr.o" --specs=nano.specs -mfpu=fpv4-sp-d16 -mfloat-abi=hard -mthumb -o "Drivers/STM32F4xx_HAL_Driver/Src/stm32f4xx_hal_pwr.o"
arm-none-eabi-gcc "../Drivers/STM32F4xx_HAL_Driver/Src/stm32f4xx_hal_pwr_ex.c" -mcpu=cortex-m4 -std=gnu11 -g3 -DDEBUG -DUSE_HAL_DRIVER -DSTM32F407xx -c -I../Core/Inc -I../Drivers/STM32F4xx_HAL_Driver/Inc -I../Drivers/STM32F4xx_HAL_Driver/Inc/Legacy -I../Drivers/CMSIS/Device/ST/STM32F4xx/Include -I../Drivers/CMSIS/Include -O0 -ffunction-sections -fdata-sections -Wall -fstack-usage -MMD -MP -MF"Drivers/STM32F4xx_HAL_Driver/Src/stm32f4xx_hal_pwr_ex.d" -MT"Drivers/STM32F4xx_HAL_Driver/Src/stm32f4xx_hal_pwr_ex.o" --specs=nano.specs -mfpu=fpv4-sp-d16 -mfloat-abi=hard -mthumb -o "Drivers/STM32F4xx_HAL_Driver/Src/stm32f4xx_hal_pwr_ex.o"
arm-none-eabi-gcc "../Drivers/STM32F4xx_HAL_Driver/Src/stm32f4xx_hal_rcc.c" -mcpu=cortex-m4 -std=gnu11 -g3 -DDEBUG -DUSE_HAL_DRIVER -DSTM32F407xx -c -I../Core/Inc -I../Drivers/STM32F4xx_HAL_Driver/Inc -I../Drivers/STM32F4xx_HAL_Driver/Inc/Legacy -I../Drivers/CMSIS/Device/ST/STM32F4xx/Include -I../Drivers/CMSIS/Include -O0 -ffunction-sections -fdata-sections -Wall -fstack-usage -MMD -MP -MF"Drivers/STM32F4xx_HAL_Driver/Src/stm32f4xx_hal_rcc.d" -MT"Drivers/STM32F4xx_HAL_Driver/Src/stm32f4xx_hal_rcc.o" --specs=nano.specs -mfpu=fpv4-sp-d16 -mfloat-abi=hard -mthumb -o "Drivers/STM32F4xx_HAL_Driver/Src/stm32f4xx_hal_rcc.o"
arm-none-eabi-gcc "../Drivers/STM32F4xx_HAL_Driver/Src/stm32f4xx_hal_rcc_ex.c" -mcpu=cortex-m4 -std=gnu11 -g3 -DDEBUG -DUSE_HAL_DRIVER -DSTM32F407xx -c -I../Core/Inc -I../Drivers/STM32F4xx_HAL_Driver/Inc -I../Drivers/STM32F4xx_HAL_Driver/Inc/Legacy -I../Drivers/CMSIS/Device/ST/STM32F4xx/Include -I../Drivers/CMSIS/Include -O0 -ffunction-sections -fdata-sections -Wall -fstack-usage -MMD -MP -MF"Drivers/STM32F4xx_HAL_Driver/Src/stm32f4xx_hal_rcc_ex.d" -MT"Drivers/STM32F4xx_HAL_Driver/Src/stm32f4xx_hal_rcc_ex.o" --specs=nano.specs -mfpu=fpv4-sp-d16 -mfloat-abi=hard -mthumb -o "Drivers/STM32F4xx_HAL_Driver/Src/stm32f4xx_hal_rcc_ex.o"
arm-none-eabi-gcc "../Drivers/STM32F4xx_HAL_Driver/Src/stm32f4xx_hal_spi.c" -mcpu=cortex-m4 -std=gnu11 -g3 -DDEBUG -DUSE_HAL_DRIVER -DSTM32F407xx -c -I../Core/Inc -I../Drivers/STM32F4xx_HAL_Driver/Inc -I../Drivers/STM32F4xx_HAL_Driver/Inc/Legacy -I../Drivers/CMSIS/Device/ST/STM32F4xx/Include -I../Drivers/CMSIS/Include -O0 -ffunction-sections -fdata-sections -Wall -fstack-usage -MMD -MP -MF"Drivers/STM32F4xx_HAL_Driver/Src/stm32f4xx_hal_spi.d" -MT"Drivers/STM32F4xx_HAL_Driver/Src/stm32f4xx_hal_spi.o" --specs=nano.specs -mfpu=fpv4-sp-d16 -mfloat-abi=hard -mthumb -o "Drivers/STM32F4xx_HAL_Driver/Src/stm32f4xx_hal_spi.o"
arm-none-eabi-gcc "../Drivers/STM32F4xx_HAL_Driver/Src/stm32f4xx_hal_sram.c" -mcpu=cortex-m4 -std=gnu11 -g3 -DDEBUG -DUSE_HAL_DRIVER -DSTM32F407xx -c -I../Core/Inc -I../Drivers/STM32F4xx_HAL_Driver/Inc -I../Drivers/STM32F4xx_HAL_Driver/Inc/Legacy -I../Drivers/CMSIS/Device/ST/STM32F4xx/Include -I../Drivers/CMSIS/Include -O0 -ffunction-sections -fdata-sections -Wall -fstack-usage -MMD -MP -MF"Drivers/STM32F4xx_HAL_Driver/Src/stm32f4xx_hal_sram.d" -MT"Drivers/STM32F4xx_HAL_Driver/Src/stm32f4xx_hal_sram.o" --specs=nano.specs -mfpu=fpv4-sp-d16 -mfloat-abi=hard -mthumb -o "Drivers/STM32F4xx_HAL_Driver/Src/stm32f4xx_hal_sram.o"
arm-none-eabi-gcc "../Drivers/STM32F4xx_HAL_Driver/Src/stm32f4xx_hal_tim.c" -mcpu=cortex-m4 -std=gnu11 -g3 -DDEBUG -DUSE_HAL_DRIVER -DSTM32F407xx -c -I../Core/Inc -I../Drivers/STM32F4xx_HAL_Driver/Inc -I../Drivers/STM32F4xx_HAL_Driver/Inc/Legacy -I../Drivers/CMSIS/Device/ST/STM32F4xx/Include -I../Drivers/CMSIS/Include -O0 -ffunction-sections -fdata-sections -Wall -fstack-usage -MMD -MP -MF"Drivers/STM32F4xx_HAL_Driver/Src/stm32f4xx_hal_tim.d" -MT"Drivers/STM32F4xx_HAL_Driver/Src/stm32f4xx_hal_tim.o" --specs=nano.specs -mfpu=fpv4-sp-d16 -mfloat-abi=hard -mthumb -o "Drivers/STM32F4xx_HAL_Driver/Src/stm32f4xx_hal_tim.o"
arm-none-eabi-gcc "../Drivers/STM32F4xx_HAL_Driver/Src/stm32f4xx_hal_tim_ex.c" -mcpu=cortex-m4 -std=gnu11 -g3 -DDEBUG -DUSE_HAL_DRIVER -DSTM32F407xx -c -I../Core/Inc -I../Drivers/STM32F4xx_HAL_Driver/Inc -I../Drivers/STM32F4xx_HAL_Driver/Inc/Legacy -I../Drivers/CMSIS/Device/ST/STM32F4xx/Include -I../Drivers/CMSIS/Include -O0 -ffunction-sections -fdata-sections -Wall -fstack-usage -MMD -MP -MF"Drivers/STM32F4xx_HAL_Driver/Src/stm32f4xx_hal_tim_ex.d" -MT"Drivers/STM32F4xx_HAL_Driver/Src/stm32f4xx_hal_tim_ex.o" --specs=nano.specs -mfpu=fpv4-sp-d16 -mfloat-abi=hard -mthumb -o "Drivers/STM32F4xx_HAL_Driver/Src/stm32f4xx_hal_tim_ex.o"
arm-none-eabi-gcc "../Drivers/STM32F4xx_HAL_Driver/Src/stm32f4xx_ll_fsmc.c" -mcpu=cortex-m4 -std=gnu11 -g3 -DDEBUG -DUSE_HAL_DRIVER -DSTM32F407xx -c -I../Core/Inc -I../Drivers/STM32F4xx_HAL_Driver/Inc -I../Drivers/STM32F4xx_HAL_Driver/Inc/Legacy -I../Drivers/CMSIS/Device/ST/STM32F4xx/Include -I../Drivers/CMSIS/Include -O0 -ffunction-sections -fdata-sections -Wall -fstack-usage -MMD -MP -MF"Drivers/STM32F4xx_HAL_Driver/Src/stm32f4xx_ll_fsmc.d" -MT"Drivers/STM32F4xx_HAL_Driver/Src/stm32f4xx_ll_fsmc.o" --specs=nano.specs -mfpu=fpv4-sp-d16 -mfloat-abi=hard -mthumb -o "Drivers/STM32F4xx_HAL_Driver/Src/stm32f4xx_ll_fsmc.o"
arm-none-eabi-gcc -mcpu=cortex-m4 -g3 -DDEBUG -c -x assembler-with-cpp -MMD -MP -MF"Core/Startup/startup_stm32f407zetx.d" -MT"Core/Startup/startup_stm32f407zetx.o" --specs=nano.specs -mfpu=fpv4-sp-d16 -mfloat-abi=hard -mthumb -o "Core/Startup/startup_stm32f407zetx.o" "../Core/Startup/startup_stm32f407zetx.s"
arm-none-eabi-gcc "../Core/Src/button.c" -mcpu=cortex-m4 -std=gnu11 -g3 -DDEBUG -DUSE_HAL_DRIVER -DSTM32F407xx -c -I../Core/Inc -I../Drivers/STM32F4xx_HAL_Driver/Inc -I../Drivers/STM32F4xx_HAL_Driver/Inc/Legacy -I../Drivers/CMSIS/Device/ST/STM32F4xx/Include -I../Drivers/CMSIS/Include -O0 -ffunction-sections -fdata-sections -Wall -fstack-usage -MMD -MP -MF"Core/Src/button.d" -MT"Core/Src/button.o" --specs=nano.specs -mfpu=fpv4-sp-d16 -mfloat-abi=hard -mthumb -o "Core/Src/button.o"
arm-none-eabi-gcc "../Core/Src/ds3231.c" -mcpu=cortex-m4 -std=gnu11 -g3 -DDEBUG -DUSE_HAL_DRIVER -DSTM32F407xx -c -I../Core/Inc -I../Drivers/STM32F4xx_HAL_Driver/Inc -I../Drivers/STM32F4xx_HAL_Driver/Inc/Legacy -I../Drivers/CMSIS/Device/ST/STM32F4xx/Include -I../Drivers/CMSIS/Include -O0 -ffunction-sections -fdata-sections -Wall -fstack-usage -MMD -MP -MF"Core/Src/ds3231.d" -MT"Core/Src/ds3231.o" --specs=nano.specs -mfpu=fpv4-sp-d16 -mfloat-abi=hard -mthumb -o "Core/Src/ds3231.o"
arm-none-eabi-gcc "../Core/Src/fsmc.c" -mcpu=cortex-m4 -std=gnu11 -g3 -DDEBUG -DUSE_HAL_DRIVER -DSTM32F407xx -c -I../Core/Inc -I../Drivers/STM32F4xx_HAL_Driver/Inc -I../Drivers/STM32F4xx_HAL_Driver/Inc/Legacy -I../Drivers/CMSIS/Device/ST/STM32F4xx/Include -I../Drivers/CMSIS/Include -O0 -ffunction-sections -fdata-sections -Wall -fstack-usage -MMD -MP -MF"Core/Src/fsmc.d" -MT"Core/Src/fsmc.o" --specs=nano.specs -mfpu=fpv4-sp-d16 -mfloat-abi=hard -mthumb -o "Core/Src/fsmc.o"
arm-none-eabi-gcc "../Core/Src/gpio.c" -mcpu=cortex-m4 -std=gnu11 -g3 -DDEBUG -DUSE_HAL_DRIVER -DSTM32F407xx -c -I../Core/Inc -I../Drivers/STM32F4xx_HAL_Driver/Inc -I../Drivers/STM32F4xx_HAL_Driver/Inc/Legacy -I../Drivers/CMSIS/Device/ST/STM32F4xx/Include -I../Drivers/CMSIS/Include -O0 -ffunction-sections -fdata-sections -Wall -fstack-usage -MMD -MP -MF"Core/Src/gpio.d" -MT"Core/Src/gpio.o" --specs=nano.specs -mfpu=fpv4-sp-d16 -mfloat-abi=hard -mthumb -o "Core/Src/gpio.o"
arm-none-eabi-gcc "../Core/Src/i2c.c" -mcpu=cortex-m4 -std=gnu11 -g3 -DDEBUG -DUSE_HAL_DRIVER -DSTM32F407xx -c -I../Core/Inc -I../Drivers/STM32F4xx_HAL_Driver/Inc -I../Drivers/STM32F4xx_HAL_Driver/Inc/Legacy -I../Drivers/CMSIS/Device/ST/STM32F4xx/Include -I../Drivers/CMSIS/Include -O0 -ffunction-sections -fdata-sections -Wall -fstack-usage -MMD -MP -MF"Core/Src/i2c.d" -MT"Core/Src/i2c.o" --specs=nano.specs -mfpu=fpv4-sp-d16 -mfloat-abi=hard -mthumb -o "Core/Src/i2c.o"
arm-none-eabi-gcc "../Core/Src/lcd.c" -mcpu=cortex-m4 -std=gnu11 -g3 -DDEBUG -DUSE_HAL_DRIVER -DSTM32F407xx -c -I../Core/Inc -I../Drivers/STM32F4xx_HAL_Driver/Inc -I../Drivers/STM32F4xx_HAL_Driver/Inc/Legacy -I../Drivers/CMSIS/Device/ST/STM32F4xx/Include -I../Drivers/CMSIS/Include -O0 -ffunction-sections -fdata-sections -Wall -fstack-usage -MMD -MP -MF"Core/Src/lcd.d" -MT"Core/Src/lcd.o" --specs=nano.specs -mfpu=fpv4-sp-d16 -mfloat-abi=hard -mthumb -o "Core/Src/lcd.o"
arm-none-eabi-gcc "../Core/Src/led_7seg.c" -mcpu=cortex-m4 -std=gnu11 -g3 -DDEBUG -DUSE_HAL_DRIVER -DSTM32F407xx -c -I../Core/Inc -I../Drivers/STM32F4xx_HAL_Driver/Inc -I../Drivers/STM32F4xx_HAL_Driver/Inc/Legacy -I../Drivers/CMSIS/Device/ST/STM32F4xx/Include -I../Drivers/CMSIS/Include -O0 -ffunction-sections -fdata-sections -Wall -fstack-usage -MMD -MP -MF"Core/Src/led_7seg.d" -MT"Core/Src/led_7seg.o" --specs=nano.specs -mfpu=fpv4-sp-d16 -mfloat-abi=hard -mthumb -o "Core/Src/led_7seg.o"
arm-none-eabi-gcc "../Core/Src/main.c" -mcpu=cortex-m4 -std=gnu11 -g3 -DDEBUG -DUSE_HAL_DRIVER -DSTM32F407xx -c -I../Core/Inc -I../Drivers/STM32F4xx_HAL_Driver/Inc -I../Drivers/STM32F4xx_HAL_Driver/Inc/Legacy -I../Drivers/CMSIS/Device/ST/STM32F4xx/Include -I../Drivers/CMSIS/Include -O0 -ffunction-sections -fdata-sections -Wall -fstack-usage -MMD -MP -MF"Core/Src/main.d" -MT"Core/Src/main.o" --specs=nano.specs -mfpu=fpv4-sp-d16 -mfloat-abi=hard -mthumb -o "Core/Src/main.o"
arm-none-eabi-gcc "../Core/Src/picture.c" -mcpu=cortex-m4 -std=gnu11 -g3 -DDEBUG -DUSE_HAL_DRIVER -DSTM32F407xx -c -I../Core/Inc -I../Drivers/STM32F4xx_HAL_Driver/Inc -I../Drivers/STM32F4xx_HAL_Driver/Inc/Legacy -I../Drivers/CMSIS/Device/ST/STM32F4xx/Include -I../Drivers/CMSIS/Include -O0 -ffunction-sections -fdata-sections -Wall -fstack-usage -MMD -MP -MF"Core/Src/picture.d" -MT"Core/Src/picture.o" --specs=nano.specs -mfpu=fpv4-sp-d16 -mfloat-abi=hard -mthumb -o "Core/Src/picture.o"
arm-none-eabi-gcc "../Core/Src/software_timer.c" -mcpu=cortex-m4 -std=gnu11 -g3 -DDEBUG -DUSE_HAL_DRIVER -DSTM32F407xx -c -I../Core/Inc -I../Drivers/STM32F4xx_HAL_Driver/Inc -I../Drivers/STM32F4xx_HAL_Driver/Inc/Legacy -I../Drivers/CMSIS/Device/ST/STM32F4xx/Include -I../Drivers/CMSIS/Include -O0 -ffunction-sections -fdata-sections -Wall -fstack-usage -MMD -MP -MF"Core/Src/software_timer.d" -MT"Core/Src/software_timer.o" --specs=nano.specs -mfpu=fpv4-sp-d16 -mfloat-abi=hard -mthumb -o "Core/Src/software_timer.o"
In file included from ../Core/Src/lcd.c:9:
../Core/Inc/lcdfont.h:409:29: warning: missing braces around initializer [-Wmissing-braces]
  409 | const typFNT_GB16 tfont16[]={
      |                             ^
  410 | "ff",0x80,0x00,0x80,0x00,0x80,0x00,0x80,0x00,0xFC,0x1F,0x84,0x10,0x84,0x10,0x84,0x10,
      | {    {
  411 | 0x84,0x10,0x84,0x10,0xFC,0x1F,0x84,0x10,0x80,0x00,0x80,0x00,0x80,0x00,0x80,0x00,/*"��",0*/
      |                                                                                }}
  412 | "ff",0xF8,0x0F,0x08,0x08,0xF8,0x0F,0x08,0x08,0xF8,0x0F,0x80,0x00,0xFF,0x7F,0x00,0x00,
      | {    {
  413 | 0xF8,0x0F,0x08,0x08,0x08,0x08,0xF8,0x0F,0x80,0x00,0x84,0x10,0xA2,0x20,0x40,0x00,/*"��",1*/
      |                                                                                }}
  414 | "ff",0x00,0x00,0xFE,0x3F,0x02,0x20,0xF2,0x27,0x02,0x20,0x02,0x20,0xFA,0x2F,0x22,0x21,
      | {    {
  415 | 0x22,0x21,0x22,0x21,0x12,0x29,0x12,0x29,0x0A,0x2E,0x02,0x20,0xFE,0x3F,0x02,0x20,/*"԰",2*/
      |                                                                                }}
  416 | "ff",0x80,0x00,0x80,0x00,0x80,0x00,0xFC,0x1F,0x84,0x10,0x84,0x10,0x84,0x10,0xFC,0x1F,
      | {    {
  417 | 0x84,0x10,0x84,0x10,0x84,0x10,0xFC,0x1F,0x84,0x50,0x80,0x40,0x80,0x40,0x00,0x7F,/*"��",3*/
      |                                                                                }}
  418 | "ff",0x00,0x00,0xFE,0x1F,0x00,0x08,0x00,0x04,0x00,0x02,0x80,0x01,0x80,0x00,0xFF,0x7F,
      | {    {
  419 | 0x80,0x00,0x80,0x00,0x80,0x00,0x80,0x00,0x80,0x00,0x80,0x00,0xA0,0x00,0x40,0x00,/*"��",4*/
      |                                                                                }}
  420 | "ff",0x08,0x04,0x08,0x04,0x08,0x04,0xC8,0x7F,0x3F,0x04,0x08,0x04,0x08,0x04,0xA8,0x3F,
      | {    {
  421 | 0x18,0x21,0x0C,0x11,0x0B,0x12,0x08,0x0A,0x08,0x04,0x08,0x0A,0x8A,0x11,0x64,0x60,/*"��",0*/
      |                                                                                }}
  422 | "ff",0x80,0x00,0x80,0x04,0x80,0x08,0x80,0x08,0xFE,0x3F,0xC0,0x01,0xA0,0x02,0xA0,0x02,
      | {    {
  423 | 0x90,0x04,0x88,0x08,0x84,0x10,0x82,0x20,0x81,0x40,0x80,0x00,0x80,0x00,0x80,0x00,/*"��",1*/
      |                                                                                }}
  424 | "ff",0x40,0x00,0x40,0x00,0xFF,0x7F,0x20,0x00,0x20,0x00,0xF0,0x0F,0x10,0x08,0x18,0x08,
      | {    {
  425 | 0xF4,0x0F,0x12,0x08,0x11,0x08,0xF0,0x0F,0x10,0x08,0x10,0x08,0x10,0x0A,0x10,0x04,/*"��",2*/
      |                                                                                }}
  426 | "ff",0x00,0x00,0xDE,0x1F,0x52,0x10,0x4A,0x10,0xCA,0x1F,0x46,0x10,0x4A,0x10,0xD2,0x1F,
      | {    {
  427 | 0x52,0x22,0x52,0x12,0x56,0x0C,0x4A,0x04,0x42,0x08,0x42,0x11,0xC2,0x60,0x42,0x00,/*"��",3*/
      |                                                                                }}
  428 | "ff",0x00,0x01,0x20,0x01,0x20,0x01,0x10,0x02,0x10,0x02,0x08,0x04,0x04,0x08,0x42,0x10,
      | {    {
  429 | 0x41,0x60,0x20,0x00,0x20,0x02,0x10,0x04,0x08,0x04,0xFC,0x0F,0x08,0x08,0x00,0x00,/*"��",4*/
      |                                                                                }}
  430 | "ff",0x00,0x00,0xFC,0x1F,0x00,0x10,0x00,0x10,0xFE,0x17,0x00,0x10,0x00,0x10,0xF8,0x11,
      | {    {
  431 | 0x08,0x11,0x08,0x11,0x08,0x11,0x08,0x11,0xF8,0x11,0x08,0x11,0x00,0x14,0x00,0x08,/*"˾",5*/
      |                                                                                }}
  432 | "ff",0x00,0x01,0x00,0x01,0x3F,0x01,0x20,0x3F,0xA0,0x20,0x92,0x10,0x54,0x02,0x28,0x02,
      | {    {
  433 | 0x08,0x02,0x14,0x05,0x24,0x05,0xA2,0x08,0x81,0x08,0x40,0x10,0x20,0x20,0x10,0x40,/*"��",6*/
      |                                                                                }}
  434 | "ff",0x00,0x00,0x04,0x01,0xC8,0x3C,0x48,0x24,0x40,0x24,0x40,0x24,0x4F,0x24,0x48,0x24,
      | {    {
  435 | 0x48,0x24,0x48,0x2D,0xC8,0x14,0x48,0x04,0x08,0x04,0x14,0x04,0xE2,0x7F,0x00,0x00,/*"ӭ",7*/
      |                                                                                }}
  436 | "ff",0x90,0x00,0x90,0x00,0x88,0x3F,0x4C,0x20,0x2A,0x12,0x99,0x0A,0x88,0x12,0x48,0x22,
      | {    {
  437 | 0x28,0x22,0x88,0x02,0x08,0x01,0x40,0x00,0x8A,0x20,0x8A,0x48,0x09,0x48,0xF0,0x0F,/*"��",8*/
      |                                                                                }}
  438 | "ff",0x08,0x02,0x08,0x02,0x04,0x02,0xC4,0x3F,0x12,0x02,0x5F,0x12,0x48,0x12,0x44,0x12,
      | {    {
  439 | 0x42,0x12,0xDF,0x1F,0x02,0x12,0x00,0x02,0x18,0x42,0x07,0x42,0x02,0x7C,0x00,0x00,/*"��",9*/
      |                                                                                }}
  440 | "ff",0x10,0x00,0x10,0x00,0xF8,0x07,0x04,0x04,0x02,0x02,0xFD,0x1F,0x84,0x10,0x84,0x10,
      | {    {
  441 | 0x84,0x10,0xFC,0x1F,0x04,0x00,0x04,0x40,0x04,0x40,0x04,0x40,0xF8,0x7F,0x00,0x00,/*"ɫ",10*/
      |                                                                                }}
  442 | "ff",0x04,0x02,0x04,0x02,0xE4,0x3F,0x04,0x02,0xC4,0x1F,0x5F,0x10,0xC4,0x1F,0x44,0x10,
      | {    {
  443 | 0xC4,0x1F,0x44,0x10,0xC4,0x1F,0x5C,0x10,0xF7,0x7F,0x82,0x08,0x40,0x10,0x20,0x20,/*"��",11*/
      |                                                                                }}
  444 | "ff",0x40,0x00,0x80,0x00,0xFF,0x7F,0x20,0x00,0x20,0x00,0x10,0x04,0x08,0x08,0xFC,0x1F,
      | {    {
  445 | 0x20,0x12,0x20,0x02,0x20,0x02,0x20,0x02,0x10,0x22,0x10,0x22,0x08,0x22,0x06,0x3C,/*"��",12*/
      |                                                                                }}
  446 | "ff",0x04,0x00,0x84,0x7F,0xBC,0x00,0x8A,0x00,0x89,0x00,0x88,0x3F,0x88,0x20,0xFF,0x20,
      | {    {
  447 | 0x88,0x20,0x88,0x20,0x88,0x3F,0x94,0x00,0xA4,0x00,0xA2,0x00,0x82,0x7F,0x01,0x00,/*"��",13*/
      |                                                                                }}
  448 | "ff",0x00,0x00,0xFE,0x21,0x48,0x20,0x48,0x10,0x48,0x08,0x48,0x44,0x48,0x40,0xFF,0x23,
      | {    {
  449 | 0x48,0x10,0x48,0x08,0x48,0x44,0x48,0x40,0x44,0x20,0x44,0x10,0x42,0x08,0x41,0x06,/*"��",14*/
      |                                                                                }}
  450 | "ff",0x00,0x00,0xFF,0x7F,0x00,0x00,0x00,0x00,0xF2,0x27,0x92,0x24,0x92,0x24,0xF2,0x27,
      | {    {
  451 | 0x92,0x24,0x92,0x24,0x92,0x24,0xF2,0x27,0x02,0x20,0x02,0x20,0xFE,0x3F,0x00,0x20,/*"��",15*/
      |                                                                                }}
  452 | "ff",0x00,0x00,0xFE,0x3F,0x02,0x20,0xF2,0x27,0x12,0x24,0xF2,0x27,0x02,0x20,0xFA,0x2F,
      | {    {
  453 | 0x0A,0x28,0x8A,0x28,0x8A,0x28,0x4A,0x29,0x22,0x22,0x12,0x24,0xFE,0x3F,0x02,0x20,/*"Բ",16*/
      |                                                                                }}
  454 | "ff",0x00,0x00,0xFE,0x3F,0x42,0x20,0x42,0x20,0xE2,0x27,0x32,0x22,0x4A,0x21,0x82,0x20,
      | {    {
  455 | 0x62,0x23,0x1E,0x3C,0xC2,0x20,0x02,0x21,0x62,0x20,0x82,0x21,0xFE,0x3F,0x02,0x20,/*"ͼ",17*/
      |                                                                                }}
  456 | "ff",0x00,0x02,0x08,0x02,0x08,0x02,0x08,0x02,0x08,0x02,0xF8,0x3F,0x08,0x00,0x08,0x00,
      | {    {
  457 | 0x08,0x00,0xF8,0x07,0x08,0x04,0x08,0x04,0x08,0x04,0x04,0x04,0x04,0x04,0x02,0x04,/*"Ƭ",18*/
      |                                                                                }}
  458 | "ff",0x00,0x00,0xF8,0x0F,0x08,0x08,0x08,0x08,0xF8,0x0F,0x08,0x08,0x08,0x08,0xF8,0x0F,
      | {    {
  459 | 0x20,0x02,0x22,0x22,0x24,0x22,0x28,0x12,0x28,0x0A,0x20,0x02,0xFF,0x7F,0x00,0x00,/*"��",19*/
      |                                                                                }}
  460 | "ff",0x00,0x00,0xFC,0x1F,0x00,0x00,0x00,0x00,0x00,0x00,0x00,0x00,0xFF,0x7F,0x80,0x00,
      | {    {
  461 | 0x80,0x00,0x88,0x08,0x88,0x10,0x84,0x20,0x82,0x40,0x81,0x40,0xA0,0x00,0x40,0x00,/*"ʾ",20*/
      |                                                                                }}
  462 | "ff",0x10,0x04,0x10,0x04,0xFF,0x7F,0x10,0x04,0x00,0x08,0x00,0x1F,0xFC,0x00,0x88,0x08,
      | {    {
  463 | 0x10,0x04,0x80,0x00,0xFE,0x3F,0xA0,0x02,0x90,0x04,0x8C,0x18,0x83,0x60,0x80,0x00,/*"��",21*/
      |                                                                                }}
  464 | "ff",0x08,0x08,0x10,0x04,0x20,0x02,0xFC,0x1F,0x84,0x10,0x84,0x10,0xFC,0x1F,0x84,0x10,
      | {    {
  465 | 0x84,0x10,0xFC,0x1F,0x80,0x00,0x80,0x00,0xFF,0x7F,0x80,0x00,0x80,0x00,0x80,0x00,/*"��",22*/
      |                                                                                }}
  466 | "ff",0x10,0x04,0x10,0x04,0xFF,0x7F,0x10,0x04,0x80,0x00,0x80,0x00,0xF8,0x0F,0x88,0x08,
      | {    {
  467 | 0x88,0x08,0x88,0x08,0xFF,0x7F,0x40,0x01,0x20,0x02,0x10,0x04,0x0C,0x18,0x03,0x60,/*"Ӣ",23*/
      |                                                                                }}
  468 | "ff",0x40,0x00,0x80,0x00,0x80,0x00,0xFF,0x7F,0x08,0x08,0x08,0x08,0x10,0x04,0x10,0x04,
      | {    {
  469 | 0x20,0x02,0x40,0x01,0x80,0x00,0x40,0x01,0x20,0x02,0x10,0x04,0x0C,0x18,0x03,0x60,/*"��",24*/
      |                                                                                }}
  470 | "ff",0x08,0x02,0x08,0x04,0xC4,0x7F,0x44,0x40,0x12,0x00,0x9F,0x3F,0x08,0x00,0x04,0x00,
      | {    {
  471 | 0xC2,0x7F,0x1F,0x04,0x82,0x14,0x80,0x24,0x58,0x44,0x27,0x44,0x02,0x05,0x00,0x02,/*"��",25*/
      |                                                                                }}
  472 | "ff",0x80,0x00,0x80,0x00,0x40,0x01,0x20,0x02,0x10,0x04,0x0C,0x18,0xF3,0x67,0x00,0x00,
      | {    {
  473 | 0x00,0x00,0xF8,0x0F,0x08,0x08,0x08,0x08,0x08,0x08,0x08,0x08,0xF8,0x0F,0x08,0x08,/*"��",26*/
      |                                                                                }}
  474 | "ff",0x40,0x00,0x80,0x00,0xFE,0x3F,0x00,0x00,0xF8,0x0F,0x08,0x08,0xF8,0x0F,0x00,0x00,
      | {    {
  475 | 0xFE,0x7F,0x02,0x40,0xF1,0x27,0x10,0x04,0x10,0x04,0x08,0x44,0x04,0x44,0x03,0x78,/*"��",27*/
      |                                                                                }}
  476 | "ff",0x80,0x00,0x00,0x01,0xFC,0x7F,0x44,0x04,0x44,0x04,0xFC,0x3F,0x44,0x04,0x44,0x04,
      | {    {
  477 | 0xC4,0x07,0x04,0x00,0xF4,0x0F,0x24,0x08,0x42,0x04,0x82,0x03,0x61,0x0C,0x1C,0x70,/*"��",28*/
      |                                                                                }}
  478 | "ff",0x00,0x20,0xE4,0x23,0x28,0x22,0x28,0x2A,0xA1,0x2A,0xA2,0x2A,0xA2,0x2A,0xA8,0x2A,
      | {    {
  479 | 0xA8,0x2A,0xA4,0x2A,0xA7,0x2A,0x84,0x20,0x44,0x21,0x44,0x22,0x24,0x28,0x10,0x10,/*"��",29*/
      |                                                                                }}
  480 | "ff",0x00,0x14,0x04,0x24,0x08,0x24,0x08,0x04,0xE0,0x7F,0x00,0x04,0x0F,0x04,0xE8,0x07,
      | {    {
  481 | 0x88,0x04,0x88,0x08,0x88,0x08,0xA8,0x08,0x98,0x53,0xE8,0x50,0x40,0x60,0x00,0x40,/*"��",30*/
      |                                                                                }}
  482 | "ff",0x10,0x00,0xB8,0x3F,0x8F,0x20,0x88,0x20,0x88,0x20,0xBF,0x3F,0x08,0x00,0x0C,0x00,
      | {    {
  483 | 0x9C,0x7F,0x2A,0x04,0x2A,0x04,0x89,0x3F,0x08,0x04,0x08,0x04,0xC8,0x7F,0x08,0x00,/*"��",31*/
      |                                                                                }}
  484 | "ff",0x80,0x00,0x00,0x01,0xFC,0x7F,0x04,0x00,0xC4,0x1F,0x04,0x08,0x04,0x05,0x04,0x02,
      | {    {
  485 | 0xF4,0x7F,0x04,0x42,0x04,0x22,0x04,0x02,0x02,0x02,0x02,0x02,0x81,0x02,0x00,0x01,/*"��",32*/
      |                                                                                }}
  486 | "ff",0x00,0x00,0xE2,0x3F,0x24,0x22,0x24,0x22,0xA0,0x2F,0x20,0x22,0x27,0x22,0xE4,0x3F,
      | {    {
  487 | 0x24,0x20,0xA4,0x2F,0xA4,0x28,0xB4,0x28,0xAC,0x2F,0x24,0x20,0x20,0x28,0x10,0x10,/*"��",33*/
      |                                                                                }}
  488 | "ff",0x80,0x00,0x84,0x10,0x88,0x10,0x90,0x08,0x90,0x04,0x80,0x00,0xFF,0x7F,0x20,0x02,
      | {    {
  489 | 0x20,0x02,0x20,0x02,0x20,0x02,0x10,0x42,0x10,0x42,0x08,0x42,0x04,0x7C,0x03,0x00,/*"��",34*/
      |                                                                                }}
  490 | "ff",0x10,0x10,0x12,0x38,0x92,0x07,0x92,0x00,0x92,0x00,0xBE,0x3F,0x82,0x22,0x82,0x22,
      | {    {
  491 | 0x9E,0x22,0x92,0x14,0x92,0x14,0x92,0x08,0x92,0x08,0x52,0x14,0x52,0x22,0x31,0x41,/*"��",35*/
      |                                                                                }}
  492 | "ff",0x08,0x00,0xC8,0x3F,0x88,0x20,0x88,0x20,0xBF,0x20,0x08,0x11,0x0C,0x11,0x1C,0x11,
      | {    {
  493 | 0x2A,0x0A,0x2A,0x0A,0x09,0x04,0x08,0x04,0x08,0x0A,0x08,0x11,0x88,0x20,0x68,0x40,/*"Ȩ",36*/
      |                                                                                }}
  494 | "ff",0x40,0x10,0xE0,0x38,0x1C,0x07,0x04,0x01,0x04,0x01,0x7C,0x01,0x44,0x7F,0x44,0x11,
      | {    {
  495 | 0x44,0x11,0x7C,0x11,0x04,0x11,0x04,0x11,0x82,0x10,0x82,0x10,0x41,0x10,0x20,0x10,/*"��",37*/
  496 | };
      | }}
../Core/Inc/lcdfont.h:506:29: warning: missing braces around initializer [-Wmissing-braces]
  506 | const typFNT_GB24 tfont24[]={
      |                             ^
  507 | 
  508 | "ff",0x00,0x00,0x00,0x00,0x00,0x00,0x00,0x18,0x00,0x00,0x08,0x00,0x00,0x08,0x00,0x00,
      | {    {
......
  512 | 0x18,0x00,0x00,0x18,0x00,0x00,0x00,0x00,/*"��",0*/
      |                                        }}
  513 | 
  514 | "ff",0x00,0x00,0x00,0x00,0x00,0x00,0x40,0x00,0x06,0xC0,0xFF,0x07,0x40,0x00,0x06,0xC0,
      | {    {
......
  518 | 0x1E,0x30,0x00,0x1C,0x00,0x00,0x00,0x00,/*"��",1*/
      |                                        }}
  519 | 
  520 | "ff",0x00,0x00,0x00,0x00,0x00,0x00,0x08,0x00,0x30,0xF8,0xFF,0x1F,0x08,0x00,0x10,0x08,
      | {    {
......
  524 | 0xFF,0x1F,0x08,0x00,0x10,0x00,0x00,0x00,/*"԰",2*/
      |                                        }}
  525 | 
  526 | "ff",0x00,0x00,0x00,0x00,0x00,0x00,0x00,0x18,0x00,0x00,0x08,0x00,0x00,0x08,0x00,0x00,
      | {    {
......
  530 | 0x18,0x30,0x00,0xF0,0x1F,0x00,0x00,0x00,/*"��",3*/
      |                                        }}
  531 | 
  532 | "ff",0x00,0x00,0x00,0x00,0x00,0x00,0x00,0x00,0x04,0xF0,0xFF,0x0F,0x00,0x00,0x06,0x00,
      | {    {
......
  538 | };
      | }}
../Core/Inc/lcdfont.h:548:29: warning: missing braces around initializer [-Wmissing-braces]
  548 | const typFNT_GB32 tfont32[]={
      |                             ^
  549 | "ff",0x00,0x00,0x00,0x00,0x00,0x00,0x00,0x00,0x00,0x80,0x00,0x00,0x00,0x80,0x01,0x00,
      | {    {
......
  556 | 0x00,0x80,0x01,0x00,0x00,0x80,0x01,0x00,0x00,0x80,0x00,0x00,0x00,0x00,0x00,0x00,/*"��",0*/
      |                                                                                }}
  557 | "ff",0x00,0x00,0x00,0x00,0x00,0x00,0x00,0x00,0x00,0x00,0x00,0x00,0x00,0x01,0x80,0x01,
      | {    {
......
  564 | 0x18,0x98,0x01,0x1C,0x04,0xE0,0x01,0x18,0x00,0xC0,0x00,0x00,0x00,0x00,0x00,0x00,/*"��",1*/
      |                                                                                }}
  565 | "ff",0x00,0x00,0x00,0x00,0x00,0x00,0x00,0x00,0x00,0x00,0x00,0x08,0xF0,0xFF,0xFF,0x1F,
      | {    {
......
  572 | 0xF0,0xFF,0xFF,0x0F,0x30,0x00,0x00,0x0C,0x10,0x00,0x00,0x04,0x00,0x00,0x00,0x00,/*"԰",2*/
      |                                                                                }}
  573 | "ff",0x00,0x00,0x00,0x00,0x00,0x00,0x00,0x00,0x00,0xC0,0x00,0x00,0x00,0xC0,0x01,0x00,
      | {    {
......
  580 | 0x00,0xC0,0x01,0x38,0x00,0x80,0xFF,0x1F,0x00,0x00,0x00,0x00,0x00,0x00,0x00,0x00,/*"��",3*/
      |                                                                                }}
  581 | "ff",0x00,0x00,0x00,0x00,0x00,0x00,0x00,0x00,0x00,0x00,0x00,0x00,0x00,0x00,0x00,0x03,
      | {    {
......
  589 | };
      | }}
../Core/Src/lcd.c: In function 'lcd_Clear':
../Core/Src/lcd.c:86:10: warning: variable 'buffer' set but not used [-Wunused-but-set-variable]
   86 |  uint8_t buffer[2];
      |          ^~~~~~
../Core/Src/lcd.c: In function 'DrawTestPage':
../Core/Src/lcd.c:494:35: warning: pointer targets in passing argument 3 of 'lcd_StrCenter' differ in signedness [-Wpointer-sign]
  494 |  lcd_StrCenter(0,lcddev.height-18,"Test page",WHITE,BLUE,16,1);
      |                                   ^~~~~~~~~~~
      |                                   |
      |                                   char *
../Core/Src/lcd.c:483:52: note: expected 'uint8_t *' {aka 'unsigned char *'} but argument is of type 'char *'
  483 | void lcd_StrCenter(uint16_t x, uint16_t y,uint8_t *str,uint16_t fc,uint16_t bc,uint8_t sizey,uint8_t mode)
      |                                           ~~~~~~~~~^~~
../Core/Src/lcd.c: In function 'lcd_Display':
../Core/Src/lcd.c:505:10: warning: unused variable 'buffer' [-Wunused-variable]
  505 |  uint8_t buffer[2];
      |          ^~~~~~
../Core/Src/lcd.c:517:4: warning: 'send' may be used uninitialized in this function [-Wmaybe-uninitialized]
  517 |    LCD_WR_DATA(send);
      |    ^~~~~~~~~~~~~~~~~
../Core/Src/main.c: In function 'main':
../Core/Src/main.c:302:5: warning: implicit declaration of function 'setupAlart' [-Wimplicit-function-declaration]
  302 |     setupAlart();
      |     ^~~~~~~~~~
../Core/Src/main.c: In function 'displayTime':
../Core/Src/main.c:416:22: warning: pointer targets in passing argument 3 of 'lcd_ShowStr' differ in signedness [-Wpointer-sign]
  416 |  lcd_ShowStr(10, 70, "Thu", YELLOW, BLACK, 24, 1);
      |                      ^~~~~
      |                      |
      |                      char *
In file included from ../Core/Src/main.c:33:
../Core/Inc/lcd.h:109:50: note: expected 'uint8_t *' {aka 'unsigned char *'} but argument is of type 'char *'
  109 | void lcd_ShowStr(uint16_t x, uint16_t y,uint8_t *str,uint16_t fc, uint16_t bc,uint8_t sizey,uint8_t mode);
      |                                         ~~~~~~~~~^~~
../Core/Src/main.c:417:22: warning: pointer targets in passing argument 3 of 'lcd_ShowStr' differ in signedness [-Wpointer-sign]
  417 |  lcd_ShowStr(55, 70, "Ngay", YELLOW, BLACK, 24, 1);
      |                      ^~~~~~
      |                      |
      |                      char *
In file included from ../Core/Src/main.c:33:
../Core/Inc/lcd.h:109:50: note: expected 'uint8_t *' {aka 'unsigned char *'} but argument is of type 'char *'
  109 | void lcd_ShowStr(uint16_t x, uint16_t y,uint8_t *str,uint16_t fc, uint16_t bc,uint8_t sizey,uint8_t mode);
      |                                         ~~~~~~~~~^~~
../Core/Src/main.c:418:23: warning: pointer targets in passing argument 3 of 'lcd_ShowStr' differ in signedness [-Wpointer-sign]
  418 |  lcd_ShowStr(110, 70, "Thang", YELLOW, BLACK, 24, 1);
      |                       ^~~~~~~
      |                       |
      |                       char *
In file included from ../Core/Src/main.c:33:
../Core/Inc/lcd.h:109:50: note: expected 'uint8_t *' {aka 'unsigned char *'} but argument is of type 'char *'
  109 | void lcd_ShowStr(uint16_t x, uint16_t y,uint8_t *str,uint16_t fc, uint16_t bc,uint8_t sizey,uint8_t mode);
      |                                         ~~~~~~~~~^~~
../Core/Src/main.c:419:23: warning: pointer targets in passing argument 3 of 'lcd_ShowStr' differ in signedness [-Wpointer-sign]
  419 |  lcd_ShowStr(180, 70, "Nam", YELLOW, BLACK, 24, 1);
      |                       ^~~~~
      |                       |
      |                       char *
In file included from ../Core/Src/main.c:33:
../Core/Inc/lcd.h:109:50: note: expected 'uint8_t *' {aka 'unsigned char *'} but argument is of type 'char *'
  109 | void lcd_ShowStr(uint16_t x, uint16_t y,uint8_t *str,uint16_t fc, uint16_t bc,uint8_t sizey,uint8_t mode);
      |                                         ~~~~~~~~~^~~
../Core/Src/main.c:426:23: warning: pointer targets in passing argument 3 of 'lcd_ShowStr' differ in signedness [-Wpointer-sign]
  426 |  lcd_ShowStr(40, 160, "Gio", YELLOW, BLACK, 24, 1);
      |                       ^~~~~
      |                       |
      |                       char *
In file included from ../Core/Src/main.c:33:
../Core/Inc/lcd.h:109:50: note: expected 'uint8_t *' {aka 'unsigned char *'} but argument is of type 'char *'
  109 | void lcd_ShowStr(uint16_t x, uint16_t y,uint8_t *str,uint16_t fc, uint16_t bc,uint8_t sizey,uint8_t mode);
      |                                         ~~~~~~~~~^~~
../Core/Src/main.c:427:23: warning: pointer targets in passing argument 3 of 'lcd_ShowStr' differ in signedness [-Wpointer-sign]
  427 |  lcd_ShowStr(90, 160, "Phut", YELLOW, BLACK, 24, 1);
      |                       ^~~~~~
      |                       |
      |                       char *
In file included from ../Core/Src/main.c:33:
../Core/Inc/lcd.h:109:50: note: expected 'uint8_t *' {aka 'unsigned char *'} but argument is of type 'char *'
  109 | void lcd_ShowStr(uint16_t x, uint16_t y,uint8_t *str,uint16_t fc, uint16_t bc,uint8_t sizey,uint8_t mode);
      |                                         ~~~~~~~~~^~~
../Core/Src/main.c:428:24: warning: pointer targets in passing argument 3 of 'lcd_ShowStr' differ in signedness [-Wpointer-sign]
  428 |  lcd_ShowStr(150, 160, "Giay", YELLOW, BLACK, 24, 1);
      |                        ^~~~~~
      |                        |
      |                        char *
In file included from ../Core/Src/main.c:33:
../Core/Inc/lcd.h:109:50: note: expected 'uint8_t *' {aka 'unsigned char *'} but argument is of type 'char *'
  109 | void lcd_ShowStr(uint16_t x, uint16_t y,uint8_t *str,uint16_t fc, uint16_t bc,uint8_t sizey,uint8_t mode);
      |                                         ~~~~~~~~~^~~
../Core/Src/main.c:434:23: warning: pointer targets in passing argument 3 of 'lcd_ShowStr' differ in signedness [-Wpointer-sign]
  434 |  lcd_ShowStr(40, 250, "Mode: ", BLUE, BLACK, 24, 1);
      |                       ^~~~~~~~
      |                       |
      |                       char *
In file included from ../Core/Src/main.c:33:
../Core/Inc/lcd.h:109:50: note: expected 'uint8_t *' {aka 'unsigned char *'} but argument is of type 'char *'
  109 | void lcd_ShowStr(uint16_t x, uint16_t y,uint8_t *str,uint16_t fc, uint16_t bc,uint8_t sizey,uint8_t mode);
      |                                         ~~~~~~~~~^~~
../Core/Src/main.c: In function 'displayAlartTime':
../Core/Src/main.c:439:22: warning: pointer targets in passing argument 3 of 'lcd_ShowStr' differ in signedness [-Wpointer-sign]
  439 |  lcd_ShowStr(10, 70, "Thu", YELLOW, BLACK, 24, 1);
      |                      ^~~~~
      |                      |
      |                      char *
In file included from ../Core/Src/main.c:33:
../Core/Inc/lcd.h:109:50: note: expected 'uint8_t *' {aka 'unsigned char *'} but argument is of type 'char *'
  109 | void lcd_ShowStr(uint16_t x, uint16_t y,uint8_t *str,uint16_t fc, uint16_t bc,uint8_t sizey,uint8_t mode);
      |                                         ~~~~~~~~~^~~
../Core/Src/main.c:440:22: warning: pointer targets in passing argument 3 of 'lcd_ShowStr' differ in signedness [-Wpointer-sign]
  440 |  lcd_ShowStr(55, 70, "Ngay", YELLOW, BLACK, 24, 1);
      |                      ^~~~~~
      |                      |
      |                      char *
In file included from ../Core/Src/main.c:33:
../Core/Inc/lcd.h:109:50: note: expected 'uint8_t *' {aka 'unsigned char *'} but argument is of type 'char *'
  109 | void lcd_ShowStr(uint16_t x, uint16_t y,uint8_t *str,uint16_t fc, uint16_t bc,uint8_t sizey,uint8_t mode);
      |                                         ~~~~~~~~~^~~
../Core/Src/main.c:441:23: warning: pointer targets in passing argument 3 of 'lcd_ShowStr' differ in signedness [-Wpointer-sign]
  441 |  lcd_ShowStr(110, 70, "Thang", YELLOW, BLACK, 24, 1);
      |                       ^~~~~~~
      |                       |
      |                       char *
In file included from ../Core/Src/main.c:33:
../Core/Inc/lcd.h:109:50: note: expected 'uint8_t *' {aka 'unsigned char *'} but argument is of type 'char *'
  109 | void lcd_ShowStr(uint16_t x, uint16_t y,uint8_t *str,uint16_t fc, uint16_t bc,uint8_t sizey,uint8_t mode);
      |                                         ~~~~~~~~~^~~
../Core/Src/main.c:442:23: warning: pointer targets in passing argument 3 of 'lcd_ShowStr' differ in signedness [-Wpointer-sign]
  442 |  lcd_ShowStr(180, 70, "Nam", YELLOW, BLACK, 24, 1);
      |                       ^~~~~
      |                       |
      |                       char *
In file included from ../Core/Src/main.c:33:
../Core/Inc/lcd.h:109:50: note: expected 'uint8_t *' {aka 'unsigned char *'} but argument is of type 'char *'
  109 | void lcd_ShowStr(uint16_t x, uint16_t y,uint8_t *str,uint16_t fc, uint16_t bc,uint8_t sizey,uint8_t mode);
      |                                         ~~~~~~~~~^~~
../Core/Src/main.c:449:23: warning: pointer targets in passing argument 3 of 'lcd_ShowStr' differ in signedness [-Wpointer-sign]
  449 |  lcd_ShowStr(40, 160, "Gio", YELLOW, BLACK, 24, 1);
      |                       ^~~~~
      |                       |
      |                       char *
In file included from ../Core/Src/main.c:33:
../Core/Inc/lcd.h:109:50: note: expected 'uint8_t *' {aka 'unsigned char *'} but argument is of type 'char *'
  109 | void lcd_ShowStr(uint16_t x, uint16_t y,uint8_t *str,uint16_t fc, uint16_t bc,uint8_t sizey,uint8_t mode);
      |                                         ~~~~~~~~~^~~
../Core/Src/main.c:450:23: warning: pointer targets in passing argument 3 of 'lcd_ShowStr' differ in signedness [-Wpointer-sign]
  450 |  lcd_ShowStr(90, 160, "Phut", YELLOW, BLACK, 24, 1);
      |                       ^~~~~~
      |                       |
      |                       char *
In file included from ../Core/Src/main.c:33:
../Core/Inc/lcd.h:109:50: note: expected 'uint8_t *' {aka 'unsigned char *'} but argument is of type 'char *'
  109 | void lcd_ShowStr(uint16_t x, uint16_t y,uint8_t *str,uint16_t fc, uint16_t bc,uint8_t sizey,uint8_t mode);
      |                                         ~~~~~~~~~^~~
../Core/Src/main.c:451:24: warning: pointer targets in passing argument 3 of 'lcd_ShowStr' differ in signedness [-Wpointer-sign]
  451 |  lcd_ShowStr(150, 160, "Giay", YELLOW, BLACK, 24, 1);
      |                        ^~~~~~
      |                        |
      |                        char *
In file included from ../Core/Src/main.c:33:
../Core/Inc/lcd.h:109:50: note: expected 'uint8_t *' {aka 'unsigned char *'} but argument is of type 'char *'
  109 | void lcd_ShowStr(uint16_t x, uint16_t y,uint8_t *str,uint16_t fc, uint16_t bc,uint8_t sizey,uint8_t mode);
      |                                         ~~~~~~~~~^~~
../Core/Src/main.c:457:23: warning: pointer targets in passing argument 3 of 'lcd_ShowStr' differ in signedness [-Wpointer-sign]
  457 |  lcd_ShowStr(40, 250, "Mode: ", BLUE, BLACK, 24, 1);
      |                       ^~~~~~~~
      |                       |
      |                       char *
In file included from ../Core/Src/main.c:33:
../Core/Inc/lcd.h:109:50: note: expected 'uint8_t *' {aka 'unsigned char *'} but argument is of type 'char *'
  109 | void lcd_ShowStr(uint16_t x, uint16_t y,uint8_t *str,uint16_t fc, uint16_t bc,uint8_t sizey,uint8_t mode);
      |                                         ~~~~~~~~~^~~
../Core/Src/main.c: At top level:
../Core/Src/main.c:563:6: warning: conflicting types for 'setupAlart'
  563 | void setupAlart()
      |      ^~~~~~~~~~
../Core/Src/main.c:302:5: note: previous implicit declaration of 'setupAlart' was here
  302 |     setupAlart();
      |     ^~~~~~~~~~
../Core/Src/main.c: In function 'alartNotify':
../Core/Src/main.c:709:24: warning: pointer targets in passing argument 3 of 'lcd_ShowStr' differ in signedness [-Wpointer-sign]
  709 |  lcd_ShowStr(100, 160, "ALART", BLACK, RED, 24, 1);
      |                        ^~~~~~~
      |                        |
      |                        char *
In file included from ../Core/Src/main.c:33:
../Core/Inc/lcd.h:109:50: note: expected 'uint8_t *' {aka 'unsigned char *'} but argument is of type 'char *'
  109 | void lcd_ShowStr(uint16_t x, uint16_t y,uint8_t *str,uint16_t fc, uint16_t bc,uint8_t sizey,uint8_t mode);
      |                                         ~~~~~~~~~^~~
../Core/Src/main.c: At top level:
../Core/Inc/lcd.h:84:17: warning: inline function 'LCD_RD_DATA' declared but never defined
   84 | inline uint16_t LCD_RD_DATA(void);
      |                 ^~~~~~~~~~~
../Core/Inc/lcd.h:83:13: warning: inline function 'LCD_WR_DATA' declared but never defined
   83 | inline void LCD_WR_DATA(uint16_t data);
      |             ^~~~~~~~~~~
arm-none-eabi-gcc "../Core/Src/spi.c" -mcpu=cortex-m4 -std=gnu11 -g3 -DDEBUG -DUSE_HAL_DRIVER -DSTM32F407xx -c -I../Core/Inc -I../Drivers/STM32F4xx_HAL_Driver/Inc -I../Drivers/STM32F4xx_HAL_Driver/Inc/Legacy -I../Drivers/CMSIS/Device/ST/STM32F4xx/Include -I../Drivers/CMSIS/Include -O0 -ffunction-sections -fdata-sections -Wall -fstack-usage -MMD -MP -MF"Core/Src/spi.d" -MT"Core/Src/spi.o" --specs=nano.specs -mfpu=fpv4-sp-d16 -mfloat-abi=hard -mthumb -o "Core/Src/spi.o"
arm-none-eabi-gcc "../Core/Src/stm32f4xx_hal_msp.c" -mcpu=cortex-m4 -std=gnu11 -g3 -DDEBUG -DUSE_HAL_DRIVER -DSTM32F407xx -c -I../Core/Inc -I../Drivers/STM32F4xx_HAL_Driver/Inc -I../Drivers/STM32F4xx_HAL_Driver/Inc/Legacy -I../Drivers/CMSIS/Device/ST/STM32F4xx/Include -I../Drivers/CMSIS/Include -O0 -ffunction-sections -fdata-sections -Wall -fstack-usage -MMD -MP -MF"Core/Src/stm32f4xx_hal_msp.d" -MT"Core/Src/stm32f4xx_hal_msp.o" --specs=nano.specs -mfpu=fpv4-sp-d16 -mfloat-abi=hard -mthumb -o "Core/Src/stm32f4xx_hal_msp.o"
../Core/Src/software_timer.c: In function 'HAL_TIM_PeriodElapsedCallback':
../Core/Src/software_timer.c:63:3: warning: implicit declaration of function 'led7_Scan' [-Wimplicit-function-declaration]
   63 |   led7_Scan();
      |   ^~~~~~~~~
arm-none-eabi-gcc "../Core/Src/stm32f4xx_it.c" -mcpu=cortex-m4 -std=gnu11 -g3 -DDEBUG -DUSE_HAL_DRIVER -DSTM32F407xx -c -I../Core/Inc -I../Drivers/STM32F4xx_HAL_Driver/Inc -I../Drivers/STM32F4xx_HAL_Driver/Inc/Legacy -I../Drivers/CMSIS/Device/ST/STM32F4xx/Include -I../Drivers/CMSIS/Include -O0 -ffunction-sections -fdata-sections -Wall -fstack-usage -MMD -MP -MF"Core/Src/stm32f4xx_it.d" -MT"Core/Src/stm32f4xx_it.o" --specs=nano.specs -mfpu=fpv4-sp-d16 -mfloat-abi=hard -mthumb -o "Core/Src/stm32f4xx_it.o"
arm-none-eabi-gcc "../Core/Src/syscalls.c" -mcpu=cortex-m4 -std=gnu11 -g3 -DDEBUG -DUSE_HAL_DRIVER -DSTM32F407xx -c -I../Core/Inc -I../Drivers/STM32F4xx_HAL_Driver/Inc -I../Drivers/STM32F4xx_HAL_Driver/Inc/Legacy -I../Drivers/CMSIS/Device/ST/STM32F4xx/Include -I../Drivers/CMSIS/Include -O0 -ffunction-sections -fdata-sections -Wall -fstack-usage -MMD -MP -MF"Core/Src/syscalls.d" -MT"Core/Src/syscalls.o" --specs=nano.specs -mfpu=fpv4-sp-d16 -mfloat-abi=hard -mthumb -o "Core/Src/syscalls.o"
arm-none-eabi-gcc "../Core/Src/sysmem.c" -mcpu=cortex-m4 -std=gnu11 -g3 -DDEBUG -DUSE_HAL_DRIVER -DSTM32F407xx -c -I../Core/Inc -I../Drivers/STM32F4xx_HAL_Driver/Inc -I../Drivers/STM32F4xx_HAL_Driver/Inc/Legacy -I../Drivers/CMSIS/Device/ST/STM32F4xx/Include -I../Drivers/CMSIS/Include -O0 -ffunction-sections -fdata-sections -Wall -fstack-usage -MMD -MP -MF"Core/Src/sysmem.d" -MT"Core/Src/sysmem.o" --specs=nano.specs -mfpu=fpv4-sp-d16 -mfloat-abi=hard -mthumb -o "Core/Src/sysmem.o"
arm-none-eabi-gcc "../Core/Src/system_stm32f4xx.c" -mcpu=cortex-m4 -std=gnu11 -g3 -DDEBUG -DUSE_HAL_DRIVER -DSTM32F407xx -c -I../Core/Inc -I../Drivers/STM32F4xx_HAL_Driver/Inc -I../Drivers/STM32F4xx_HAL_Driver/Inc/Legacy -I../Drivers/CMSIS/Device/ST/STM32F4xx/Include -I../Drivers/CMSIS/Include -O0 -ffunction-sections -fdata-sections -Wall -fstack-usage -MMD -MP -MF"Core/Src/system_stm32f4xx.d" -MT"Core/Src/system_stm32f4xx.o" --specs=nano.specs -mfpu=fpv4-sp-d16 -mfloat-abi=hard -mthumb -o "Core/Src/system_stm32f4xx.o"
arm-none-eabi-gcc "../Core/Src/tim.c" -mcpu=cortex-m4 -std=gnu11 -g3 -DDEBUG -DUSE_HAL_DRIVER -DSTM32F407xx -c -I../Core/Inc -I../Drivers/STM32F4xx_HAL_Driver/Inc -I../Drivers/STM32F4xx_HAL_Driver/Inc/Legacy -I../Drivers/CMSIS/Device/ST/STM32F4xx/Include -I../Drivers/CMSIS/Include -O0 -ffunction-sections -fdata-sections -Wall -fstack-usage -MMD -MP -MF"Core/Src/tim.d" -MT"Core/Src/tim.o" --specs=nano.specs -mfpu=fpv4-sp-d16 -mfloat-abi=hard -mthumb -o "Core/Src/tim.o"
arm-none-eabi-gcc "../Core/Src/utils.c" -mcpu=cortex-m4 -std=gnu11 -g3 -DDEBUG -DUSE_HAL_DRIVER -DSTM32F407xx -c -I../Core/Inc -I../Drivers/STM32F4xx_HAL_Driver/Inc -I../Drivers/STM32F4xx_HAL_Driver/Inc/Legacy -I../Drivers/CMSIS/Device/ST/STM32F4xx/Include -I../Drivers/CMSIS/Include -O0 -ffunction-sections -fdata-sections -Wall -fstack-usage -MMD -MP -MF"Core/Src/utils.d" -MT"Core/Src/utils.o" --specs=nano.specs -mfpu=fpv4-sp-d16 -mfloat-abi=hard -mthumb -o "Core/Src/utils.o"
arm-none-eabi-gcc -o "Bai4_I2C_Realtimeclock.elf" @"objects.list"   -mcpu=cortex-m4 -T"C:\Users\DELL\Desktop\BKIT_ARM4_Bai4_I2C_Realtimeclock\Bai4_I2C_Realtimeclock\STM32F407ZGTX_FLASH.ld" --specs=nosys.specs -Wl,-Map="Bai4_I2C_Realtimeclock.map" -Wl,--gc-sections -static --specs=nano.specs -mfpu=fpv4-sp-d16 -mfloat-abi=hard -mthumb -Wl,--start-group -lc -lm -Wl,--end-group
Finished building target: Bai4_I2C_Realtimeclock.elf
 
arm-none-eabi-size   Bai4_I2C_Realtimeclock.elf 
arm-none-eabi-objdump -h -S  Bai4_I2C_Realtimeclock.elf  > "Bai4_I2C_Realtimeclock.list"
arm-none-eabi-objcopy  -O ihex  Bai4_I2C_Realtimeclock.elf  "Bai4_I2C_Realtimeclock.hex"
arm-none-eabi-objcopy  -O binary  Bai4_I2C_Realtimeclock.elf  "Bai4_I2C_Realtimeclock.bin"
   text	   data	    bss	    dec	    hex	filename
  38144	     32	   2040	  40216	   9d18	Bai4_I2C_Realtimeclock.elf
Finished building: default.size.stdout
 
Finished building: Bai4_I2C_Realtimeclock.hex
Finished building: Bai4_I2C_Realtimeclock.bin
 
 
Finished building: Bai4_I2C_Realtimeclock.list
 
00:37:43 **** Clean-only build of configuration Debug for project lab5 ****
make -j8 clean 
rm -rf  default.size.stdout  lab5.list  lab5.elf  ./Drivers/STM32F4xx_HAL_Driver/Src/stm32f4xx_hal.o ./Drivers/STM32F4xx_HAL_Driver/Src/stm32f4xx_hal_cortex.o ./Drivers/STM32F4xx_HAL_Driver/Src/stm32f4xx_hal_dma.o ./Drivers/STM32F4xx_HAL_Driver/Src/stm32f4xx_hal_dma_ex.o ./Drivers/STM32F4xx_HAL_Driver/Src/stm32f4xx_hal_exti.o ./Drivers/STM32F4xx_HAL_Driver/Src/stm32f4xx_hal_flash.o ./Drivers/STM32F4xx_HAL_Driver/Src/stm32f4xx_hal_flash_ex.o ./Drivers/STM32F4xx_HAL_Driver/Src/stm32f4xx_hal_flash_ramfunc.o ./Drivers/STM32F4xx_HAL_Driver/Src/stm32f4xx_hal_gpio.o ./Drivers/STM32F4xx_HAL_Driver/Src/stm32f4xx_hal_pwr.o ./Drivers/STM32F4xx_HAL_Driver/Src/stm32f4xx_hal_pwr_ex.o ./Drivers/STM32F4xx_HAL_Driver/Src/stm32f4xx_hal_rcc.o ./Drivers/STM32F4xx_HAL_Driver/Src/stm32f4xx_hal_rcc_ex.o ./Drivers/STM32F4xx_HAL_Driver/Src/stm32f4xx_hal_tim.o ./Drivers/STM32F4xx_HAL_Driver/Src/stm32f4xx_hal_tim_ex.o ./Drivers/STM32F4xx_HAL_Driver/Src/stm32f4xx_hal_uart.o  ./Core/Startup/startup_stm32f407zgtx.o  ./Core/Src/RingBuffer.o ./Core/Src/main.o ./Core/Src/stm32f4xx_hal_msp.o ./Core/Src/stm32f4xx_it.o ./Core/Src/syscalls.o ./Core/Src/sysmem.o ./Core/Src/system_stm32f4xx.o ./Core/Src/uart\ .o  ./Core/Startup/startup_stm32f407zgtx.d  ./Drivers/STM32F4xx_HAL_Driver/Src/stm32f4xx_hal.d ./Drivers/STM32F4xx_HAL_Driver/Src/stm32f4xx_hal_cortex.d ./Drivers/STM32F4xx_HAL_Driver/Src/stm32f4xx_hal_dma.d ./Drivers/STM32F4xx_HAL_Driver/Src/stm32f4xx_hal_dma_ex.d ./Drivers/STM32F4xx_HAL_Driver/Src/stm32f4xx_hal_exti.d ./Drivers/STM32F4xx_HAL_Driver/Src/stm32f4xx_hal_flash.d ./Drivers/STM32F4xx_HAL_Driver/Src/stm32f4xx_hal_flash_ex.d ./Drivers/STM32F4xx_HAL_Driver/Src/stm32f4xx_hal_flash_ramfunc.d ./Drivers/STM32F4xx_HAL_Driver/Src/stm32f4xx_hal_gpio.d ./Drivers/STM32F4xx_HAL_Driver/Src/stm32f4xx_hal_pwr.d ./Drivers/STM32F4xx_HAL_Driver/Src/stm32f4xx_hal_pwr_ex.d ./Drivers/STM32F4xx_HAL_Driver/Src/stm32f4xx_hal_rcc.d ./Drivers/STM32F4xx_HAL_Driver/Src/stm32f4xx_hal_rcc_ex.d ./Drivers/STM32F4xx_HAL_Driver/Src/stm32f4xx_hal_tim.d ./Drivers/STM32F4xx_HAL_Driver/Src/stm32f4xx_hal_tim_ex.d ./Drivers/STM32F4xx_HAL_Driver/Src/stm32f4xx_hal_uart.d  ./Core/Src/RingBuffer.d ./Core/Src/main.d ./Core/Src/stm32f4xx_hal_msp.d ./Core/Src/stm32f4xx_it.d ./Core/Src/syscalls.d ./Core/Src/sysmem.d ./Core/Src/system_stm32f4xx.d ./Core/Src/uart\ .d  lab5.bin  lab5.elf
 
00:37:43 **** Build of configuration Debug for project lab5 ****
make -j8 all 
arm-none-eabi-gcc "../Drivers/STM32F4xx_HAL_Driver/Src/stm32f4xx_hal.c" -mcpu=cortex-m4 -std=gnu11 -g3 -DDEBUG -DUSE_HAL_DRIVER -DSTM32F407xx -c -I../Core/Inc -I../Drivers/STM32F4xx_HAL_Driver/Inc -I../Drivers/STM32F4xx_HAL_Driver/Inc/Legacy -I../Drivers/CMSIS/Device/ST/STM32F4xx/Include -I../Drivers/CMSIS/Include -O0 -ffunction-sections -fdata-sections -Wall -fstack-usage -MMD -MP -MF"Drivers/STM32F4xx_HAL_Driver/Src/stm32f4xx_hal.d" -MT"Drivers/STM32F4xx_HAL_Driver/Src/stm32f4xx_hal.o" --specs=nano.specs -mfpu=fpv4-sp-d16 -mfloat-abi=hard -mthumb -o "Drivers/STM32F4xx_HAL_Driver/Src/stm32f4xx_hal.o"
arm-none-eabi-gcc "../Drivers/STM32F4xx_HAL_Driver/Src/stm32f4xx_hal_cortex.c" -mcpu=cortex-m4 -std=gnu11 -g3 -DDEBUG -DUSE_HAL_DRIVER -DSTM32F407xx -c -I../Core/Inc -I../Drivers/STM32F4xx_HAL_Driver/Inc -I../Drivers/STM32F4xx_HAL_Driver/Inc/Legacy -I../Drivers/CMSIS/Device/ST/STM32F4xx/Include -I../Drivers/CMSIS/Include -O0 -ffunction-sections -fdata-sections -Wall -fstack-usage -MMD -MP -MF"Drivers/STM32F4xx_HAL_Driver/Src/stm32f4xx_hal_cortex.d" -MT"Drivers/STM32F4xx_HAL_Driver/Src/stm32f4xx_hal_cortex.o" --specs=nano.specs -mfpu=fpv4-sp-d16 -mfloat-abi=hard -mthumb -o "Drivers/STM32F4xx_HAL_Driver/Src/stm32f4xx_hal_cortex.o"
arm-none-eabi-gcc "../Drivers/STM32F4xx_HAL_Driver/Src/stm32f4xx_hal_dma.c" -mcpu=cortex-m4 -std=gnu11 -g3 -DDEBUG -DUSE_HAL_DRIVER -DSTM32F407xx -c -I../Core/Inc -I../Drivers/STM32F4xx_HAL_Driver/Inc -I../Drivers/STM32F4xx_HAL_Driver/Inc/Legacy -I../Drivers/CMSIS/Device/ST/STM32F4xx/Include -I../Drivers/CMSIS/Include -O0 -ffunction-sections -fdata-sections -Wall -fstack-usage -MMD -MP -MF"Drivers/STM32F4xx_HAL_Driver/Src/stm32f4xx_hal_dma.d" -MT"Drivers/STM32F4xx_HAL_Driver/Src/stm32f4xx_hal_dma.o" --specs=nano.specs -mfpu=fpv4-sp-d16 -mfloat-abi=hard -mthumb -o "Drivers/STM32F4xx_HAL_Driver/Src/stm32f4xx_hal_dma.o"
arm-none-eabi-gcc "../Drivers/STM32F4xx_HAL_Driver/Src/stm32f4xx_hal_dma_ex.c" -mcpu=cortex-m4 -std=gnu11 -g3 -DDEBUG -DUSE_HAL_DRIVER -DSTM32F407xx -c -I../Core/Inc -I../Drivers/STM32F4xx_HAL_Driver/Inc -I../Drivers/STM32F4xx_HAL_Driver/Inc/Legacy -I../Drivers/CMSIS/Device/ST/STM32F4xx/Include -I../Drivers/CMSIS/Include -O0 -ffunction-sections -fdata-sections -Wall -fstack-usage -MMD -MP -MF"Drivers/STM32F4xx_HAL_Driver/Src/stm32f4xx_hal_dma_ex.d" -MT"Drivers/STM32F4xx_HAL_Driver/Src/stm32f4xx_hal_dma_ex.o" --specs=nano.specs -mfpu=fpv4-sp-d16 -mfloat-abi=hard -mthumb -o "Drivers/STM32F4xx_HAL_Driver/Src/stm32f4xx_hal_dma_ex.o"
arm-none-eabi-gcc "../Drivers/STM32F4xx_HAL_Driver/Src/stm32f4xx_hal_exti.c" -mcpu=cortex-m4 -std=gnu11 -g3 -DDEBUG -DUSE_HAL_DRIVER -DSTM32F407xx -c -I../Core/Inc -I../Drivers/STM32F4xx_HAL_Driver/Inc -I../Drivers/STM32F4xx_HAL_Driver/Inc/Legacy -I../Drivers/CMSIS/Device/ST/STM32F4xx/Include -I../Drivers/CMSIS/Include -O0 -ffunction-sections -fdata-sections -Wall -fstack-usage -MMD -MP -MF"Drivers/STM32F4xx_HAL_Driver/Src/stm32f4xx_hal_exti.d" -MT"Drivers/STM32F4xx_HAL_Driver/Src/stm32f4xx_hal_exti.o" --specs=nano.specs -mfpu=fpv4-sp-d16 -mfloat-abi=hard -mthumb -o "Drivers/STM32F4xx_HAL_Driver/Src/stm32f4xx_hal_exti.o"
arm-none-eabi-gcc "../Drivers/STM32F4xx_HAL_Driver/Src/stm32f4xx_hal_flash.c" -mcpu=cortex-m4 -std=gnu11 -g3 -DDEBUG -DUSE_HAL_DRIVER -DSTM32F407xx -c -I../Core/Inc -I../Drivers/STM32F4xx_HAL_Driver/Inc -I../Drivers/STM32F4xx_HAL_Driver/Inc/Legacy -I../Drivers/CMSIS/Device/ST/STM32F4xx/Include -I../Drivers/CMSIS/Include -O0 -ffunction-sections -fdata-sections -Wall -fstack-usage -MMD -MP -MF"Drivers/STM32F4xx_HAL_Driver/Src/stm32f4xx_hal_flash.d" -MT"Drivers/STM32F4xx_HAL_Driver/Src/stm32f4xx_hal_flash.o" --specs=nano.specs -mfpu=fpv4-sp-d16 -mfloat-abi=hard -mthumb -o "Drivers/STM32F4xx_HAL_Driver/Src/stm32f4xx_hal_flash.o"
arm-none-eabi-gcc "../Drivers/STM32F4xx_HAL_Driver/Src/stm32f4xx_hal_flash_ex.c" -mcpu=cortex-m4 -std=gnu11 -g3 -DDEBUG -DUSE_HAL_DRIVER -DSTM32F407xx -c -I../Core/Inc -I../Drivers/STM32F4xx_HAL_Driver/Inc -I../Drivers/STM32F4xx_HAL_Driver/Inc/Legacy -I../Drivers/CMSIS/Device/ST/STM32F4xx/Include -I../Drivers/CMSIS/Include -O0 -ffunction-sections -fdata-sections -Wall -fstack-usage -MMD -MP -MF"Drivers/STM32F4xx_HAL_Driver/Src/stm32f4xx_hal_flash_ex.d" -MT"Drivers/STM32F4xx_HAL_Driver/Src/stm32f4xx_hal_flash_ex.o" --specs=nano.specs -mfpu=fpv4-sp-d16 -mfloat-abi=hard -mthumb -o "Drivers/STM32F4xx_HAL_Driver/Src/stm32f4xx_hal_flash_ex.o"
arm-none-eabi-gcc "../Drivers/STM32F4xx_HAL_Driver/Src/stm32f4xx_hal_flash_ramfunc.c" -mcpu=cortex-m4 -std=gnu11 -g3 -DDEBUG -DUSE_HAL_DRIVER -DSTM32F407xx -c -I../Core/Inc -I../Drivers/STM32F4xx_HAL_Driver/Inc -I../Drivers/STM32F4xx_HAL_Driver/Inc/Legacy -I../Drivers/CMSIS/Device/ST/STM32F4xx/Include -I../Drivers/CMSIS/Include -O0 -ffunction-sections -fdata-sections -Wall -fstack-usage -MMD -MP -MF"Drivers/STM32F4xx_HAL_Driver/Src/stm32f4xx_hal_flash_ramfunc.d" -MT"Drivers/STM32F4xx_HAL_Driver/Src/stm32f4xx_hal_flash_ramfunc.o" --specs=nano.specs -mfpu=fpv4-sp-d16 -mfloat-abi=hard -mthumb -o "Drivers/STM32F4xx_HAL_Driver/Src/stm32f4xx_hal_flash_ramfunc.o"
arm-none-eabi-gcc "../Drivers/STM32F4xx_HAL_Driver/Src/stm32f4xx_hal_gpio.c" -mcpu=cortex-m4 -std=gnu11 -g3 -DDEBUG -DUSE_HAL_DRIVER -DSTM32F407xx -c -I../Core/Inc -I../Drivers/STM32F4xx_HAL_Driver/Inc -I../Drivers/STM32F4xx_HAL_Driver/Inc/Legacy -I../Drivers/CMSIS/Device/ST/STM32F4xx/Include -I../Drivers/CMSIS/Include -O0 -ffunction-sections -fdata-sections -Wall -fstack-usage -MMD -MP -MF"Drivers/STM32F4xx_HAL_Driver/Src/stm32f4xx_hal_gpio.d" -MT"Drivers/STM32F4xx_HAL_Driver/Src/stm32f4xx_hal_gpio.o" --specs=nano.specs -mfpu=fpv4-sp-d16 -mfloat-abi=hard -mthumb -o "Drivers/STM32F4xx_HAL_Driver/Src/stm32f4xx_hal_gpio.o"
arm-none-eabi-gcc "../Drivers/STM32F4xx_HAL_Driver/Src/stm32f4xx_hal_pwr.c" -mcpu=cortex-m4 -std=gnu11 -g3 -DDEBUG -DUSE_HAL_DRIVER -DSTM32F407xx -c -I../Core/Inc -I../Drivers/STM32F4xx_HAL_Driver/Inc -I../Drivers/STM32F4xx_HAL_Driver/Inc/Legacy -I../Drivers/CMSIS/Device/ST/STM32F4xx/Include -I../Drivers/CMSIS/Include -O0 -ffunction-sections -fdata-sections -Wall -fstack-usage -MMD -MP -MF"Drivers/STM32F4xx_HAL_Driver/Src/stm32f4xx_hal_pwr.d" -MT"Drivers/STM32F4xx_HAL_Driver/Src/stm32f4xx_hal_pwr.o" --specs=nano.specs -mfpu=fpv4-sp-d16 -mfloat-abi=hard -mthumb -o "Drivers/STM32F4xx_HAL_Driver/Src/stm32f4xx_hal_pwr.o"
arm-none-eabi-gcc "../Drivers/STM32F4xx_HAL_Driver/Src/stm32f4xx_hal_pwr_ex.c" -mcpu=cortex-m4 -std=gnu11 -g3 -DDEBUG -DUSE_HAL_DRIVER -DSTM32F407xx -c -I../Core/Inc -I../Drivers/STM32F4xx_HAL_Driver/Inc -I../Drivers/STM32F4xx_HAL_Driver/Inc/Legacy -I../Drivers/CMSIS/Device/ST/STM32F4xx/Include -I../Drivers/CMSIS/Include -O0 -ffunction-sections -fdata-sections -Wall -fstack-usage -MMD -MP -MF"Drivers/STM32F4xx_HAL_Driver/Src/stm32f4xx_hal_pwr_ex.d" -MT"Drivers/STM32F4xx_HAL_Driver/Src/stm32f4xx_hal_pwr_ex.o" --specs=nano.specs -mfpu=fpv4-sp-d16 -mfloat-abi=hard -mthumb -o "Drivers/STM32F4xx_HAL_Driver/Src/stm32f4xx_hal_pwr_ex.o"
arm-none-eabi-gcc "../Drivers/STM32F4xx_HAL_Driver/Src/stm32f4xx_hal_rcc.c" -mcpu=cortex-m4 -std=gnu11 -g3 -DDEBUG -DUSE_HAL_DRIVER -DSTM32F407xx -c -I../Core/Inc -I../Drivers/STM32F4xx_HAL_Driver/Inc -I../Drivers/STM32F4xx_HAL_Driver/Inc/Legacy -I../Drivers/CMSIS/Device/ST/STM32F4xx/Include -I../Drivers/CMSIS/Include -O0 -ffunction-sections -fdata-sections -Wall -fstack-usage -MMD -MP -MF"Drivers/STM32F4xx_HAL_Driver/Src/stm32f4xx_hal_rcc.d" -MT"Drivers/STM32F4xx_HAL_Driver/Src/stm32f4xx_hal_rcc.o" --specs=nano.specs -mfpu=fpv4-sp-d16 -mfloat-abi=hard -mthumb -o "Drivers/STM32F4xx_HAL_Driver/Src/stm32f4xx_hal_rcc.o"
arm-none-eabi-gcc "../Drivers/STM32F4xx_HAL_Driver/Src/stm32f4xx_hal_rcc_ex.c" -mcpu=cortex-m4 -std=gnu11 -g3 -DDEBUG -DUSE_HAL_DRIVER -DSTM32F407xx -c -I../Core/Inc -I../Drivers/STM32F4xx_HAL_Driver/Inc -I../Drivers/STM32F4xx_HAL_Driver/Inc/Legacy -I../Drivers/CMSIS/Device/ST/STM32F4xx/Include -I../Drivers/CMSIS/Include -O0 -ffunction-sections -fdata-sections -Wall -fstack-usage -MMD -MP -MF"Drivers/STM32F4xx_HAL_Driver/Src/stm32f4xx_hal_rcc_ex.d" -MT"Drivers/STM32F4xx_HAL_Driver/Src/stm32f4xx_hal_rcc_ex.o" --specs=nano.specs -mfpu=fpv4-sp-d16 -mfloat-abi=hard -mthumb -o "Drivers/STM32F4xx_HAL_Driver/Src/stm32f4xx_hal_rcc_ex.o"
arm-none-eabi-gcc "../Drivers/STM32F4xx_HAL_Driver/Src/stm32f4xx_hal_spi.c" -mcpu=cortex-m4 -std=gnu11 -g3 -DDEBUG -DUSE_HAL_DRIVER -DSTM32F407xx -c -I../Core/Inc -I../Drivers/STM32F4xx_HAL_Driver/Inc -I../Drivers/STM32F4xx_HAL_Driver/Inc/Legacy -I../Drivers/CMSIS/Device/ST/STM32F4xx/Include -I../Drivers/CMSIS/Include -O0 -ffunction-sections -fdata-sections -Wall -fstack-usage -MMD -MP -MF"Drivers/STM32F4xx_HAL_Driver/Src/stm32f4xx_hal_spi.d" -MT"Drivers/STM32F4xx_HAL_Driver/Src/stm32f4xx_hal_spi.o" --specs=nano.specs -mfpu=fpv4-sp-d16 -mfloat-abi=hard -mthumb -o "Drivers/STM32F4xx_HAL_Driver/Src/stm32f4xx_hal_spi.o"
arm-none-eabi-gcc "../Drivers/STM32F4xx_HAL_Driver/Src/stm32f4xx_hal_sram.c" -mcpu=cortex-m4 -std=gnu11 -g3 -DDEBUG -DUSE_HAL_DRIVER -DSTM32F407xx -c -I../Core/Inc -I../Drivers/STM32F4xx_HAL_Driver/Inc -I../Drivers/STM32F4xx_HAL_Driver/Inc/Legacy -I../Drivers/CMSIS/Device/ST/STM32F4xx/Include -I../Drivers/CMSIS/Include -O0 -ffunction-sections -fdata-sections -Wall -fstack-usage -MMD -MP -MF"Drivers/STM32F4xx_HAL_Driver/Src/stm32f4xx_hal_sram.d" -MT"Drivers/STM32F4xx_HAL_Driver/Src/stm32f4xx_hal_sram.o" --specs=nano.specs -mfpu=fpv4-sp-d16 -mfloat-abi=hard -mthumb -o "Drivers/STM32F4xx_HAL_Driver/Src/stm32f4xx_hal_sram.o"
arm-none-eabi-gcc "../Drivers/STM32F4xx_HAL_Driver/Src/stm32f4xx_hal_tim.c" -mcpu=cortex-m4 -std=gnu11 -g3 -DDEBUG -DUSE_HAL_DRIVER -DSTM32F407xx -c -I../Core/Inc -I../Drivers/STM32F4xx_HAL_Driver/Inc -I../Drivers/STM32F4xx_HAL_Driver/Inc/Legacy -I../Drivers/CMSIS/Device/ST/STM32F4xx/Include -I../Drivers/CMSIS/Include -O0 -ffunction-sections -fdata-sections -Wall -fstack-usage -MMD -MP -MF"Drivers/STM32F4xx_HAL_Driver/Src/stm32f4xx_hal_tim.d" -MT"Drivers/STM32F4xx_HAL_Driver/Src/stm32f4xx_hal_tim.o" --specs=nano.specs -mfpu=fpv4-sp-d16 -mfloat-abi=hard -mthumb -o "Drivers/STM32F4xx_HAL_Driver/Src/stm32f4xx_hal_tim.o"
arm-none-eabi-gcc "../Drivers/STM32F4xx_HAL_Driver/Src/stm32f4xx_hal_tim_ex.c" -mcpu=cortex-m4 -std=gnu11 -g3 -DDEBUG -DUSE_HAL_DRIVER -DSTM32F407xx -c -I../Core/Inc -I../Drivers/STM32F4xx_HAL_Driver/Inc -I../Drivers/STM32F4xx_HAL_Driver/Inc/Legacy -I../Drivers/CMSIS/Device/ST/STM32F4xx/Include -I../Drivers/CMSIS/Include -O0 -ffunction-sections -fdata-sections -Wall -fstack-usage -MMD -MP -MF"Drivers/STM32F4xx_HAL_Driver/Src/stm32f4xx_hal_tim_ex.d" -MT"Drivers/STM32F4xx_HAL_Driver/Src/stm32f4xx_hal_tim_ex.o" --specs=nano.specs -mfpu=fpv4-sp-d16 -mfloat-abi=hard -mthumb -o "Drivers/STM32F4xx_HAL_Driver/Src/stm32f4xx_hal_tim_ex.o"
arm-none-eabi-gcc "../Drivers/STM32F4xx_HAL_Driver/Src/stm32f4xx_hal_uart.c" -mcpu=cortex-m4 -std=gnu11 -g3 -DDEBUG -DUSE_HAL_DRIVER -DSTM32F407xx -c -I../Core/Inc -I../Drivers/STM32F4xx_HAL_Driver/Inc -I../Drivers/STM32F4xx_HAL_Driver/Inc/Legacy -I../Drivers/CMSIS/Device/ST/STM32F4xx/Include -I../Drivers/CMSIS/Include -O0 -ffunction-sections -fdata-sections -Wall -fstack-usage -MMD -MP -MF"Drivers/STM32F4xx_HAL_Driver/Src/stm32f4xx_hal_uart.d" -MT"Drivers/STM32F4xx_HAL_Driver/Src/stm32f4xx_hal_uart.o" --specs=nano.specs -mfpu=fpv4-sp-d16 -mfloat-abi=hard -mthumb -o "Drivers/STM32F4xx_HAL_Driver/Src/stm32f4xx_hal_uart.o"
arm-none-eabi-gcc "../Drivers/STM32F4xx_HAL_Driver/Src/stm32f4xx_ll_fsmc.c" -mcpu=cortex-m4 -std=gnu11 -g3 -DDEBUG -DUSE_HAL_DRIVER -DSTM32F407xx -c -I../Core/Inc -I../Drivers/STM32F4xx_HAL_Driver/Inc -I../Drivers/STM32F4xx_HAL_Driver/Inc/Legacy -I../Drivers/CMSIS/Device/ST/STM32F4xx/Include -I../Drivers/CMSIS/Include -O0 -ffunction-sections -fdata-sections -Wall -fstack-usage -MMD -MP -MF"Drivers/STM32F4xx_HAL_Driver/Src/stm32f4xx_ll_fsmc.d" -MT"Drivers/STM32F4xx_HAL_Driver/Src/stm32f4xx_ll_fsmc.o" --specs=nano.specs -mfpu=fpv4-sp-d16 -mfloat-abi=hard -mthumb -o "Drivers/STM32F4xx_HAL_Driver/Src/stm32f4xx_ll_fsmc.o"
arm-none-eabi-gcc -mcpu=cortex-m4 -g3 -DDEBUG -c -x assembler-with-cpp -MMD -MP -MF"Core/Startup/startup_stm32f407zgtx.d" -MT"Core/Startup/startup_stm32f407zgtx.o" --specs=nano.specs -mfpu=fpv4-sp-d16 -mfloat-abi=hard -mthumb -o "Core/Startup/startup_stm32f407zgtx.o" "../Core/Startup/startup_stm32f407zgtx.s"
arm-none-eabi-gcc "../Core/Src/RingBuffer.c" -mcpu=cortex-m4 -std=gnu11 -g3 -DDEBUG -DUSE_HAL_DRIVER -DSTM32F407xx -c -I../Core/Inc -I../Drivers/STM32F4xx_HAL_Driver/Inc -I../Drivers/STM32F4xx_HAL_Driver/Inc/Legacy -I../Drivers/CMSIS/Device/ST/STM32F4xx/Include -I../Drivers/CMSIS/Include -O0 -ffunction-sections -fdata-sections -Wall -fstack-usage -MMD -MP -MF"Core/Src/RingBuffer.d" -MT"Core/Src/RingBuffer.o" --specs=nano.specs -mfpu=fpv4-sp-d16 -mfloat-abi=hard -mthumb -o "Core/Src/RingBuffer.o"
arm-none-eabi-gcc "../Core/Src/button.c" -mcpu=cortex-m4 -std=gnu11 -g3 -DDEBUG -DUSE_HAL_DRIVER -DSTM32F407xx -c -I../Core/Inc -I../Drivers/STM32F4xx_HAL_Driver/Inc -I../Drivers/STM32F4xx_HAL_Driver/Inc/Legacy -I../Drivers/CMSIS/Device/ST/STM32F4xx/Include -I../Drivers/CMSIS/Include -O0 -ffunction-sections -fdata-sections -Wall -fstack-usage -MMD -MP -MF"Core/Src/button.d" -MT"Core/Src/button.o" --specs=nano.specs -mfpu=fpv4-sp-d16 -mfloat-abi=hard -mthumb -o "Core/Src/button.o"
arm-none-eabi-gcc "../Core/Src/gpio.c" -mcpu=cortex-m4 -std=gnu11 -g3 -DDEBUG -DUSE_HAL_DRIVER -DSTM32F407xx -c -I../Core/Inc -I../Drivers/STM32F4xx_HAL_Driver/Inc -I../Drivers/STM32F4xx_HAL_Driver/Inc/Legacy -I../Drivers/CMSIS/Device/ST/STM32F4xx/Include -I../Drivers/CMSIS/Include -O0 -ffunction-sections -fdata-sections -Wall -fstack-usage -MMD -MP -MF"Core/Src/gpio.d" -MT"Core/Src/gpio.o" --specs=nano.specs -mfpu=fpv4-sp-d16 -mfloat-abi=hard -mthumb -o "Core/Src/gpio.o"
arm-none-eabi-gcc "../Core/Src/main.c" -mcpu=cortex-m4 -std=gnu11 -g3 -DDEBUG -DUSE_HAL_DRIVER -DSTM32F407xx -c -I../Core/Inc -I../Drivers/STM32F4xx_HAL_Driver/Inc -I../Drivers/STM32F4xx_HAL_Driver/Inc/Legacy -I../Drivers/CMSIS/Device/ST/STM32F4xx/Include -I../Drivers/CMSIS/Include -O0 -ffunction-sections -fdata-sections -Wall -fstack-usage -MMD -MP -MF"Core/Src/main.d" -MT"Core/Src/main.o" --specs=nano.specs -mfpu=fpv4-sp-d16 -mfloat-abi=hard -mthumb -o "Core/Src/main.o"
../Core/Src/button.c: In function 'button_Scan':
../Core/Src/button.c:20:21: error: 'hspi1' undeclared (first use in this function)
   20 |    HAL_SPI_Receive(&hspi1, (void*)&spi_button, 2, 10);
      |                     ^~~~~
../Core/Src/button.c:20:21: note: each undeclared identifier is reported only once for each function it appears in
arm-none-eabi-gcc "../Core/Src/stm32f4xx_hal_msp.c" -mcpu=cortex-m4 -std=gnu11 -g3 -DDEBUG -DUSE_HAL_DRIVER -DSTM32F407xx -c -I../Core/Inc -I../Drivers/STM32F4xx_HAL_Driver/Inc -I../Drivers/STM32F4xx_HAL_Driver/Inc/Legacy -I../Drivers/CMSIS/Device/ST/STM32F4xx/Include -I../Drivers/CMSIS/Include -O0 -ffunction-sections -fdata-sections -Wall -fstack-usage -MMD -MP -MF"Core/Src/stm32f4xx_hal_msp.d" -MT"Core/Src/stm32f4xx_hal_msp.o" --specs=nano.specs -mfpu=fpv4-sp-d16 -mfloat-abi=hard -mthumb -o "Core/Src/stm32f4xx_hal_msp.o"
make: *** [Core/Src/subdir.mk:46: Core/Src/button.o] Error 1
make: *** Waiting for unfinished jobs....
"make -j8 all" terminated with exit code 2. Build might be incomplete.
00:41:39 **** Incremental Build of configuration Debug for project Bai4_I2C_Realtimeclock ****
make -j8 all 
arm-none-eabi-size   Bai4_I2C_Realtimeclock.elf 
   text	   data	    bss	    dec	    hex	filename
  38144	     32	   2040	  40216	   9d18	Bai4_I2C_Realtimeclock.elf
Finished building: default.size.stdout
 
00:41:39 **** Incremental Build of configuration Debug for project lab5 ****
make -j8 all 
arm-none-eabi-gcc "../Core/Src/RingBuffer.c" -mcpu=cortex-m4 -std=gnu11 -g3 -DDEBUG -DUSE_HAL_DRIVER -DSTM32F407xx -c -I../Core/Inc -I../Drivers/STM32F4xx_HAL_Driver/Inc -I../Drivers/STM32F4xx_HAL_Driver/Inc/Legacy -I../Drivers/CMSIS/Device/ST/STM32F4xx/Include -I../Drivers/CMSIS/Include -O0 -ffunction-sections -fdata-sections -Wall -fstack-usage -MMD -MP -MF"Core/Src/RingBuffer.d" -MT"Core/Src/RingBuffer.o" --specs=nano.specs -mfpu=fpv4-sp-d16 -mfloat-abi=hard -mthumb -o "Core/Src/RingBuffer.o"
arm-none-eabi-gcc "../Core/Src/button.c" -mcpu=cortex-m4 -std=gnu11 -g3 -DDEBUG -DUSE_HAL_DRIVER -DSTM32F407xx -c -I../Core/Inc -I../Drivers/STM32F4xx_HAL_Driver/Inc -I../Drivers/STM32F4xx_HAL_Driver/Inc/Legacy -I../Drivers/CMSIS/Device/ST/STM32F4xx/Include -I../Drivers/CMSIS/Include -O0 -ffunction-sections -fdata-sections -Wall -fstack-usage -MMD -MP -MF"Core/Src/button.d" -MT"Core/Src/button.o" --specs=nano.specs -mfpu=fpv4-sp-d16 -mfloat-abi=hard -mthumb -o "Core/Src/button.o"
arm-none-eabi-gcc "../Core/Src/main.c" -mcpu=cortex-m4 -std=gnu11 -g3 -DDEBUG -DUSE_HAL_DRIVER -DSTM32F407xx -c -I../Core/Inc -I../Drivers/STM32F4xx_HAL_Driver/Inc -I../Drivers/STM32F4xx_HAL_Driver/Inc/Legacy -I../Drivers/CMSIS/Device/ST/STM32F4xx/Include -I../Drivers/CMSIS/Include -O0 -ffunction-sections -fdata-sections -Wall -fstack-usage -MMD -MP -MF"Core/Src/main.d" -MT"Core/Src/main.o" --specs=nano.specs -mfpu=fpv4-sp-d16 -mfloat-abi=hard -mthumb -o "Core/Src/main.o"
arm-none-eabi-gcc "../Core/Src/stm32f4xx_hal_msp.c" -mcpu=cortex-m4 -std=gnu11 -g3 -DDEBUG -DUSE_HAL_DRIVER -DSTM32F407xx -c -I../Core/Inc -I../Drivers/STM32F4xx_HAL_Driver/Inc -I../Drivers/STM32F4xx_HAL_Driver/Inc/Legacy -I../Drivers/CMSIS/Device/ST/STM32F4xx/Include -I../Drivers/CMSIS/Include -O0 -ffunction-sections -fdata-sections -Wall -fstack-usage -MMD -MP -MF"Core/Src/stm32f4xx_hal_msp.d" -MT"Core/Src/stm32f4xx_hal_msp.o" --specs=nano.specs -mfpu=fpv4-sp-d16 -mfloat-abi=hard -mthumb -o "Core/Src/stm32f4xx_hal_msp.o"
arm-none-eabi-gcc "../Core/Src/stm32f4xx_it.c" -mcpu=cortex-m4 -std=gnu11 -g3 -DDEBUG -DUSE_HAL_DRIVER -DSTM32F407xx -c -I../Core/Inc -I../Drivers/STM32F4xx_HAL_Driver/Inc -I../Drivers/STM32F4xx_HAL_Driver/Inc/Legacy -I../Drivers/CMSIS/Device/ST/STM32F4xx/Include -I../Drivers/CMSIS/Include -O0 -ffunction-sections -fdata-sections -Wall -fstack-usage -MMD -MP -MF"Core/Src/stm32f4xx_it.d" -MT"Core/Src/stm32f4xx_it.o" --specs=nano.specs -mfpu=fpv4-sp-d16 -mfloat-abi=hard -mthumb -o "Core/Src/stm32f4xx_it.o"
arm-none-eabi-gcc "../Core/Src/syscalls.c" -mcpu=cortex-m4 -std=gnu11 -g3 -DDEBUG -DUSE_HAL_DRIVER -DSTM32F407xx -c -I../Core/Inc -I../Drivers/STM32F4xx_HAL_Driver/Inc -I../Drivers/STM32F4xx_HAL_Driver/Inc/Legacy -I../Drivers/CMSIS/Device/ST/STM32F4xx/Include -I../Drivers/CMSIS/Include -O0 -ffunction-sections -fdata-sections -Wall -fstack-usage -MMD -MP -MF"Core/Src/syscalls.d" -MT"Core/Src/syscalls.o" --specs=nano.specs -mfpu=fpv4-sp-d16 -mfloat-abi=hard -mthumb -o "Core/Src/syscalls.o"
[...]
      | {    {
  441 | 0x84,0x10,0xFC,0x1F,0x04,0x00,0x04,0x40,0x04,0x40,0x04,0x40,0xF8,0x7F,0x00,0x00,/*"ɫ",10*/
      |                                                                                }}
  442 | "ff",0x04,0x02,0x04,0x02,0xE4,0x3F,0x04,0x02,0xC4,0x1F,0x5F,0x10,0xC4,0x1F,0x44,0x10,
      | {    {
  443 | 0xC4,0x1F,0x44,0x10,0xC4,0x1F,0x5C,0x10,0xF7,0x7F,0x82,0x08,0x40,0x10,0x20,0x20,/*"��",11*/
      |                                                                                }}
  444 | "ff",0x40,0x00,0x80,0x00,0xFF,0x7F,0x20,0x00,0x20,0x00,0x10,0x04,0x08,0x08,0xFC,0x1F,
      | {    {
  445 | 0x20,0x12,0x20,0x02,0x20,0x02,0x20,0x02,0x10,0x22,0x10,0x22,0x08,0x22,0x06,0x3C,/*"��",12*/
      |                                                                                }}
  446 | "ff",0x04,0x00,0x84,0x7F,0xBC,0x00,0x8A,0x00,0x89,0x00,0x88,0x3F,0x88,0x20,0xFF,0x20,
      | {    {
  447 | 0x88,0x20,0x88,0x20,0x88,0x3F,0x94,0x00,0xA4,0x00,0xA2,0x00,0x82,0x7F,0x01,0x00,/*"��",13*/
      |                                                                                }}
  448 | "ff",0x00,0x00,0xFE,0x21,0x48,0x20,0x48,0x10,0x48,0x08,0x48,0x44,0x48,0x40,0xFF,0x23,
      | {    {
  449 | 0x48,0x10,0x48,0x08,0x48,0x44,0x48,0x40,0x44,0x20,0x44,0x10,0x42,0x08,0x41,0x06,/*"��",14*/
      |                                                                                }}
  450 | "ff",0x00,0x00,0xFF,0x7F,0x00,0x00,0x00,0x00,0xF2,0x27,0x92,0x24,0x92,0x24,0xF2,0x27,
      | {    {
  451 | 0x92,0x24,0x92,0x24,0x92,0x24,0xF2,0x27,0x02,0x20,0x02,0x20,0xFE,0x3F,0x00,0x20,/*"��",15*/
      |                                                                                }}
  452 | "ff",0x00,0x00,0xFE,0x3F,0x02,0x20,0xF2,0x27,0x12,0x24,0xF2,0x27,0x02,0x20,0xFA,0x2F,
      | {    {
  453 | 0x0A,0x28,0x8A,0x28,0x8A,0x28,0x4A,0x29,0x22,0x22,0x12,0x24,0xFE,0x3F,0x02,0x20,/*"Բ",16*/
      |                                                                                }}
  454 | "ff",0x00,0x00,0xFE,0x3F,0x42,0x20,0x42,0x20,0xE2,0x27,0x32,0x22,0x4A,0x21,0x82,0x20,
      | {    {
  455 | 0x62,0x23,0x1E,0x3C,0xC2,0x20,0x02,0x21,0x62,0x20,0x82,0x21,0xFE,0x3F,0x02,0x20,/*"ͼ",17*/
      |                                                                                }}
  456 | "ff",0x00,0x02,0x08,0x02,0x08,0x02,0x08,0x02,0x08,0x02,0xF8,0x3F,0x08,0x00,0x08,0x00,
      | {    {
  457 | 0x08,0x00,0xF8,0x07,0x08,0x04,0x08,0x04,0x08,0x04,0x04,0x04,0x04,0x04,0x02,0x04,/*"Ƭ",18*/
      |                                                                                }}
  458 | "ff",0x00,0x00,0xF8,0x0F,0x08,0x08,0x08,0x08,0xF8,0x0F,0x08,0x08,0x08,0x08,0xF8,0x0F,
      | {    {
  459 | 0x20,0x02,0x22,0x22,0x24,0x22,0x28,0x12,0x28,0x0A,0x20,0x02,0xFF,0x7F,0x00,0x00,/*"��",19*/
      |                                                                                }}
  460 | "ff",0x00,0x00,0xFC,0x1F,0x00,0x00,0x00,0x00,0x00,0x00,0x00,0x00,0xFF,0x7F,0x80,0x00,
      | {    {
  461 | 0x80,0x00,0x88,0x08,0x88,0x10,0x84,0x20,0x82,0x40,0x81,0x40,0xA0,0x00,0x40,0x00,/*"ʾ",20*/
      |                                                                                }}
  462 | "ff",0x10,0x04,0x10,0x04,0xFF,0x7F,0x10,0x04,0x00,0x08,0x00,0x1F,0xFC,0x00,0x88,0x08,
      | {    {
  463 | 0x10,0x04,0x80,0x00,0xFE,0x3F,0xA0,0x02,0x90,0x04,0x8C,0x18,0x83,0x60,0x80,0x00,/*"��",21*/
      |                                                                                }}
  464 | "ff",0x08,0x08,0x10,0x04,0x20,0x02,0xFC,0x1F,0x84,0x10,0x84,0x10,0xFC,0x1F,0x84,0x10,
      | {    {
  465 | 0x84,0x10,0xFC,0x1F,0x80,0x00,0x80,0x00,0xFF,0x7F,0x80,0x00,0x80,0x00,0x80,0x00,/*"��",22*/
      |                                                                                }}
  466 | "ff",0x10,0x04,0x10,0x04,0xFF,0x7F,0x10,0x04,0x80,0x00,0x80,0x00,0xF8,0x0F,0x88,0x08,
      | {    {
  467 | 0x88,0x08,0x88,0x08,0xFF,0x7F,0x40,0x01,0x20,0x02,0x10,0x04,0x0C,0x18,0x03,0x60,/*"Ӣ",23*/
      |                                                                                }}
  468 | "ff",0x40,0x00,0x80,0x00,0x80,0x00,0xFF,0x7F,0x08,0x08,0x08,0x08,0x10,0x04,0x10,0x04,
      | {    {
  469 | 0x20,0x02,0x40,0x01,0x80,0x00,0x40,0x01,0x20,0x02,0x10,0x04,0x0C,0x18,0x03,0x60,/*"��",24*/
      |                                                                                }}
  470 | "ff",0x08,0x02,0x08,0x04,0xC4,0x7F,0x44,0x40,0x12,0x00,0x9F,0x3F,0x08,0x00,0x04,0x00,
      | {    {
  471 | 0xC2,0x7F,0x1F,0x04,0x82,0x14,0x80,0x24,0x58,0x44,0x27,0x44,0x02,0x05,0x00,0x02,/*"��",25*/
      |                                                                                }}
  472 | "ff",0x80,0x00,0x80,0x00,0x40,0x01,0x20,0x02,0x10,0x04,0x0C,0x18,0xF3,0x67,0x00,0x00,
      | {    {
  473 | 0x00,0x00,0xF8,0x0F,0x08,0x08,0x08,0x08,0x08,0x08,0x08,0x08,0xF8,0x0F,0x08,0x08,/*"��",26*/
      |                                                                                }}
  474 | "ff",0x40,0x00,0x80,0x00,0xFE,0x3F,0x00,0x00,0xF8,0x0F,0x08,0x08,0xF8,0x0F,0x00,0x00,
      | {    {
  475 | 0xFE,0x7F,0x02,0x40,0xF1,0x27,0x10,0x04,0x10,0x04,0x08,0x44,0x04,0x44,0x03,0x78,/*"��",27*/
      |                                                                                }}
  476 | "ff",0x80,0x00,0x00,0x01,0xFC,0x7F,0x44,0x04,0x44,0x04,0xFC,0x3F,0x44,0x04,0x44,0x04,
      | {    {
  477 | 0xC4,0x07,0x04,0x00,0xF4,0x0F,0x24,0x08,0x42,0x04,0x82,0x03,0x61,0x0C,0x1C,0x70,/*"��",28*/
      |                                                                                }}
  478 | "ff",0x00,0x20,0xE4,0x23,0x28,0x22,0x28,0x2A,0xA1,0x2A,0xA2,0x2A,0xA2,0x2A,0xA8,0x2A,
      | {    {
  479 | 0xA8,0x2A,0xA4,0x2A,0xA7,0x2A,0x84,0x20,0x44,0x21,0x44,0x22,0x24,0x28,0x10,0x10,/*"��",29*/
      |                                                                                }}
  480 | "ff",0x00,0x14,0x04,0x24,0x08,0x24,0x08,0x04,0xE0,0x7F,0x00,0x04,0x0F,0x04,0xE8,0x07,
      | {    {
  481 | 0x88,0x04,0x88,0x08,0x88,0x08,0xA8,0x08,0x98,0x53,0xE8,0x50,0x40,0x60,0x00,0x40,/*"��",30*/
      |                                                                                }}
  482 | "ff",0x10,0x00,0xB8,0x3F,0x8F,0x20,0x88,0x20,0x88,0x20,0xBF,0x3F,0x08,0x00,0x0C,0x00,
      | {    {
  483 | 0x9C,0x7F,0x2A,0x04,0x2A,0x04,0x89,0x3F,0x08,0x04,0x08,0x04,0xC8,0x7F,0x08,0x00,/*"��",31*/
      |                                                                                }}
  484 | "ff",0x80,0x00,0x00,0x01,0xFC,0x7F,0x04,0x00,0xC4,0x1F,0x04,0x08,0x04,0x05,0x04,0x02,
      | {    {
  485 | 0xF4,0x7F,0x04,0x42,0x04,0x22,0x04,0x02,0x02,0x02,0x02,0x02,0x81,0x02,0x00,0x01,/*"��",32*/
      |                                                                                }}
  486 | "ff",0x00,0x00,0xE2,0x3F,0x24,0x22,0x24,0x22,0xA0,0x2F,0x20,0x22,0x27,0x22,0xE4,0x3F,
      | {    {
  487 | 0x24,0x20,0xA4,0x2F,0xA4,0x28,0xB4,0x28,0xAC,0x2F,0x24,0x20,0x20,0x28,0x10,0x10,/*"��",33*/
      |                                                                                }}
  488 | "ff",0x80,0x00,0x84,0x10,0x88,0x10,0x90,0x08,0x90,0x04,0x80,0x00,0xFF,0x7F,0x20,0x02,
      | {    {
  489 | 0x20,0x02,0x20,0x02,0x20,0x02,0x10,0x42,0x10,0x42,0x08,0x42,0x04,0x7C,0x03,0x00,/*"��",34*/
      |                                                                                }}
  490 | "ff",0x10,0x10,0x12,0x38,0x92,0x07,0x92,0x00,0x92,0x00,0xBE,0x3F,0x82,0x22,0x82,0x22,
      | {    {
  491 | 0x9E,0x22,0x92,0x14,0x92,0x14,0x92,0x08,0x92,0x08,0x52,0x14,0x52,0x22,0x31,0x41,/*"��",35*/
      |                                                                                }}
  492 | "ff",0x08,0x00,0xC8,0x3F,0x88,0x20,0x88,0x20,0xBF,0x20,0x08,0x11,0x0C,0x11,0x1C,0x11,
      | {    {
  493 | 0x2A,0x0A,0x2A,0x0A,0x09,0x04,0x08,0x04,0x08,0x0A,0x08,0x11,0x88,0x20,0x68,0x40,/*"Ȩ",36*/
      |                                                                                }}
  494 | "ff",0x40,0x10,0xE0,0x38,0x1C,0x07,0x04,0x01,0x04,0x01,0x7C,0x01,0x44,0x7F,0x44,0x11,
      | {    {
  495 | 0x44,0x11,0x7C,0x11,0x04,0x11,0x04,0x11,0x82,0x10,0x82,0x10,0x41,0x10,0x20,0x10,/*"��",37*/
  496 | };
      | }}
../Core/Src/software_timer.c: In function 'HAL_TIM_PeriodElapsedCallback':
../Core/Src/software_timer.c:63:3: warning: implicit declaration of function 'led7_Scan' [-Wimplicit-function-declaration]
   63 |   led7_Scan();
      |   ^~~~~~~~~
../Core/Inc/lcdfont.h:506:29: warning: missing braces around initializer [-Wmissing-braces]
  506 | const typFNT_GB24 tfont24[]={
      |                             ^
  507 | 
  508 | "ff",0x00,0x00,0x00,0x00,0x00,0x00,0x00,0x18,0x00,0x00,0x08,0x00,0x00,0x08,0x00,0x00,
      | {    {
......
  512 | 0x18,0x00,0x00,0x18,0x00,0x00,0x00,0x00,/*"��",0*/
      |                                        }}
  513 | 
  514 | "ff",0x00,0x00,0x00,0x00,0x00,0x00,0x40,0x00,0x06,0xC0,0xFF,0x07,0x40,0x00,0x06,0xC0,
      | {    {
......
  518 | 0x1E,0x30,0x00,0x1C,0x00,0x00,0x00,0x00,/*"��",1*/
      |                                        }}
  519 | 
  520 | "ff",0x00,0x00,0x00,0x00,0x00,0x00,0x08,0x00,0x30,0xF8,0xFF,0x1F,0x08,0x00,0x10,0x08,
      | {    {
......
  524 | 0xFF,0x1F,0x08,0x00,0x10,0x00,0x00,0x00,/*"԰",2*/
      |                                        }}
  525 | 
  526 | "ff",0x00,0x00,0x00,0x00,0x00,0x00,0x00,0x18,0x00,0x00,0x08,0x00,0x00,0x08,0x00,0x00,
      | {    {
......
  530 | 0x18,0x30,0x00,0xF0,0x1F,0x00,0x00,0x00,/*"��",3*/
      |                                        }}
  531 | 
  532 | "ff",0x00,0x00,0x00,0x00,0x00,0x00,0x00,0x00,0x04,0xF0,0xFF,0x0F,0x00,0x00,0x06,0x00,
      | {    {
......
  538 | };
      | }}
../Core/Inc/lcdfont.h:548:29: warning: missing braces around initializer [-Wmissing-braces]
  548 | const typFNT_GB32 tfont32[]={
      |                             ^
  549 | "ff",0x00,0x00,0x00,0x00,0x00,0x00,0x00,0x00,0x00,0x80,0x00,0x00,0x00,0x80,0x01,0x00,
      | {    {
......
  556 | 0x00,0x80,0x01,0x00,0x00,0x80,0x01,0x00,0x00,0x80,0x00,0x00,0x00,0x00,0x00,0x00,/*"��",0*/
      |                                                                                }}
  557 | "ff",0x00,0x00,0x00,0x00,0x00,0x00,0x00,0x00,0x00,0x00,0x00,0x00,0x00,0x01,0x80,0x01,
      | {    {
......
  564 | 0x18,0x98,0x01,0x1C,0x04,0xE0,0x01,0x18,0x00,0xC0,0x00,0x00,0x00,0x00,0x00,0x00,/*"��",1*/
      |                                                                                }}
  565 | "ff",0x00,0x00,0x00,0x00,0x00,0x00,0x00,0x00,0x00,0x00,0x00,0x08,0xF0,0xFF,0xFF,0x1F,
      | {    {
......
  572 | 0xF0,0xFF,0xFF,0x0F,0x30,0x00,0x00,0x0C,0x10,0x00,0x00,0x04,0x00,0x00,0x00,0x00,/*"԰",2*/
      |                                                                                }}
  573 | "ff",0x00,0x00,0x00,0x00,0x00,0x00,0x00,0x00,0x00,0xC0,0x00,0x00,0x00,0xC0,0x01,0x00,
      | {    {
......
  580 | 0x00,0xC0,0x01,0x38,0x00,0x80,0xFF,0x1F,0x00,0x00,0x00,0x00,0x00,0x00,0x00,0x00,/*"��",3*/
      |                                                                                }}
  581 | "ff",0x00,0x00,0x00,0x00,0x00,0x00,0x00,0x00,0x00,0x00,0x00,0x00,0x00,0x00,0x00,0x03,
      | {    {
......
  589 | };
      | }}
../Core/Src/lcd.c: In function 'lcd_Clear':
../Core/Src/lcd.c:86:10: warning: variable 'buffer' set but not used [-Wunused-but-set-variable]
   86 |  uint8_t buffer[2];
      |          ^~~~~~
../Core/Src/lcd.c: In function 'DrawTestPage':
../Core/Src/lcd.c:510:35: warning: pointer targets in passing argument 3 of 'lcd_StrCenter' differ in signedness [-Wpointer-sign]
  510 |  lcd_StrCenter(0,lcddev.height-18,"Test page",WHITE,BLUE,16,1);
      |                                   ^~~~~~~~~~~
      |                                   |
      |                                   char *
../Core/Src/lcd.c:499:52: note: expected 'uint8_t *' {aka 'unsigned char *'} but argument is of type 'char *'
  499 | void lcd_StrCenter(uint16_t x, uint16_t y,uint8_t *str,uint16_t fc,uint16_t bc,uint8_t sizey,uint8_t mode)
      |                                           ~~~~~~~~~^~~
../Core/Src/lcd.c: In function 'lcd_Display':
../Core/Src/lcd.c:517:10: warning: unused variable 'buffer' [-Wunused-variable]
  517 |  uint8_t buffer[2];
      |          ^~~~~~
../Core/Src/lcd.c:524:4: warning: 'send' may be used uninitialized in this function [-Wmaybe-uninitialized]
  524 |    LCD_WR_DATA(send);
      |    ^~~~~~~~~~~~~~~~~
arm-none-eabi-gcc "../Core/Src/stm32f4xx_hal_msp.c" -mcpu=cortex-m4 -std=gnu11 -g3 -DDEBUG -DUSE_HAL_DRIVER -DSTM32F407xx -c -I../Core/Inc -I../Drivers/STM32F4xx_HAL_Driver/Inc -I../Drivers/STM32F4xx_HAL_Driver/Inc/Legacy -I../Drivers/CMSIS/Device/ST/STM32F4xx/Include -I../Drivers/CMSIS/Include -O0 -ffunction-sections -fdata-sections -Wall -fstack-usage -MMD -MP -MF"Core/Src/stm32f4xx_hal_msp.d" -MT"Core/Src/stm32f4xx_hal_msp.o" --specs=nano.specs -mfpu=fpv4-sp-d16 -mfloat-abi=hard -mthumb -o "Core/Src/stm32f4xx_hal_msp.o"
arm-none-eabi-gcc "../Core/Src/stm32f4xx_it.c" -mcpu=cortex-m4 -std=gnu11 -g3 -DDEBUG -DUSE_HAL_DRIVER -DSTM32F407xx -c -I../Core/Inc -I../Drivers/STM32F4xx_HAL_Driver/Inc -I../Drivers/STM32F4xx_HAL_Driver/Inc/Legacy -I../Drivers/CMSIS/Device/ST/STM32F4xx/Include -I../Drivers/CMSIS/Include -O0 -ffunction-sections -fdata-sections -Wall -fstack-usage -MMD -MP -MF"Core/Src/stm32f4xx_it.d" -MT"Core/Src/stm32f4xx_it.o" --specs=nano.specs -mfpu=fpv4-sp-d16 -mfloat-abi=hard -mthumb -o "Core/Src/stm32f4xx_it.o"
arm-none-eabi-gcc "../Core/Src/syscalls.c" -mcpu=cortex-m4 -std=gnu11 -g3 -DDEBUG -DUSE_HAL_DRIVER -DSTM32F407xx -c -I../Core/Inc -I../Drivers/STM32F4xx_HAL_Driver/Inc -I../Drivers/STM32F4xx_HAL_Driver/Inc/Legacy -I../Drivers/CMSIS/Device/ST/STM32F4xx/Include -I../Drivers/CMSIS/Include -O0 -ffunction-sections -fdata-sections -Wall -fstack-usage -MMD -MP -MF"Core/Src/syscalls.d" -MT"Core/Src/syscalls.o" --specs=nano.specs -mfpu=fpv4-sp-d16 -mfloat-abi=hard -mthumb -o "Core/Src/syscalls.o"
arm-none-eabi-gcc "../Core/Src/sysmem.c" -mcpu=cortex-m4 -std=gnu11 -g3 -DDEBUG -DUSE_HAL_DRIVER -DSTM32F407xx -c -I../Core/Inc -I../Drivers/STM32F4xx_HAL_Driver/Inc -I../Drivers/STM32F4xx_HAL_Driver/Inc/Legacy -I../Drivers/CMSIS/Device/ST/STM32F4xx/Include -I../Drivers/CMSIS/Include -O0 -ffunction-sections -fdata-sections -Wall -fstack-usage -MMD -MP -MF"Core/Src/sysmem.d" -MT"Core/Src/sysmem.o" --specs=nano.specs -mfpu=fpv4-sp-d16 -mfloat-abi=hard -mthumb -o "Core/Src/sysmem.o"
arm-none-eabi-gcc "../Core/Src/system_stm32f4xx.c" -mcpu=cortex-m4 -std=gnu11 -g3 -DDEBUG -DUSE_HAL_DRIVER -DSTM32F407xx -c -I../Core/Inc -I../Drivers/STM32F4xx_HAL_Driver/Inc -I../Drivers/STM32F4xx_HAL_Driver/Inc/Legacy -I../Drivers/CMSIS/Device/ST/STM32F4xx/Include -I../Drivers/CMSIS/Include -O0 -ffunction-sections -fdata-sections -Wall -fstack-usage -MMD -MP -MF"Core/Src/system_stm32f4xx.d" -MT"Core/Src/system_stm32f4xx.o" --specs=nano.specs -mfpu=fpv4-sp-d16 -mfloat-abi=hard -mthumb -o "Core/Src/system_stm32f4xx.o"
arm-none-eabi-gcc "../Core/Src/uart .c" -mcpu=cortex-m4 -std=gnu11 -g3 -DDEBUG -DUSE_HAL_DRIVER -DSTM32F407xx -c -I../Core/Inc -I../Drivers/STM32F4xx_HAL_Driver/Inc -I../Drivers/STM32F4xx_HAL_Driver/Inc/Legacy -I../Drivers/CMSIS/Device/ST/STM32F4xx/Include -I../Drivers/CMSIS/Include -O0 -ffunction-sections -fdata-sections -Wall -fstack-usage -MMD -MP -MF"Core/Src/uart .d" -MT"Core/Src/uart .o" --specs=nano.specs -mfpu=fpv4-sp-d16 -mfloat-abi=hard -mthumb -o "Core/Src/uart .o"
arm-none-eabi-gcc "../Core/Src/utils.c" -mcpu=cortex-m4 -std=gnu11 -g3 -DDEBUG -DUSE_HAL_DRIVER -DSTM32F407xx -c -I../Core/Inc -I../Drivers/STM32F4xx_HAL_Driver/Inc -I../Drivers/STM32F4xx_HAL_Driver/Inc/Legacy -I../Drivers/CMSIS/Device/ST/STM32F4xx/Include -I../Drivers/CMSIS/Include -O0 -ffunction-sections -fdata-sections -Wall -fstack-usage -MMD -MP -MF"Core/Src/utils.d" -MT"Core/Src/utils.o" --specs=nano.specs -mfpu=fpv4-sp-d16 -mfloat-abi=hard -mthumb -o "Core/Src/utils.o"
../Core/Src/uart .c: In function 'uart_Rs232SendNum':
../Core/Src/uart .c:51:24: warning: pointer targets in passing argument 1 of 'uart_Rs232SendString' differ in signedness [-Wpointer-sign]
   51 |   uart_Rs232SendString("0");
      |                        ^~~
      |                        |
      |                        char *
../Core/Src/uart .c:30:36: note: expected 'uint8_t *' {aka 'unsigned char *'} but argument is of type 'char *'
   30 | void uart_Rs232SendString(uint8_t* str){
      |                           ~~~~~~~~~^~~
../Core/Src/uart .c:56:35: warning: pointer targets in passing argument 1 of 'uart_Rs232SendString' differ in signedness [-Wpointer-sign]
   56 |  if(num < 0) uart_Rs232SendString("-");
      |                                   ^~~
      |                                   |
      |                                   char *
../Core/Src/uart .c:30:36: note: expected 'uint8_t *' {aka 'unsigned char *'} but argument is of type 'char *'
   30 | void uart_Rs232SendString(uint8_t* str){
      |                           ~~~~~~~~~^~~
../Core/Src/uart .c:59:19: warning: implicit declaration of function 'mypow' [-Wimplicit-function-declaration]
   59 |         if((num / mypow(10, i-1)) != 0)
      |                   ^~~~~
../Core/Src/uart .c:62:34: warning: format '%d' expects argument of type 'int', but argument 3 has type 'long unsigned int' [-Wformat=]
   62 |             sprintf((void*)msg,"%d",num/mypow(10, i-1));
      |                                 ~^  ~~~~~~~~~~~~~~~~~~
      |                                  |     |
      |                                  int   long unsigned int
      |                                 %ld
../Core/Src/uart .c:68:35: warning: pointer targets in passing argument 1 of 'uart_Rs232SendString' differ in signedness [-Wpointer-sign]
   68 |              uart_Rs232SendString("0");
      |                                   ^~~
      |                                   |
      |                                   char *
../Core/Src/uart .c:30:36: note: expected 'uint8_t *' {aka 'unsigned char *'} but argument is of type 'char *'
   30 | void uart_Rs232SendString(uint8_t* str){
      |                           ~~~~~~~~~^~~
../Core/Src/uart .c: In function 'uart_Rs232SendNumPercent':
../Core/Src/uart .c:83:26: warning: pointer targets in passing argument 1 of 'uart_Rs232SendString' differ in signedness [-Wpointer-sign]
   83 |     uart_Rs232SendString(".");
      |                          ^~~
      |                          |
      |                          char *
../Core/Src/uart .c:30:36: note: expected 'uint8_t *' {aka 'unsigned char *'} but argument is of type 'char *'
   30 | void uart_Rs232SendString(uint8_t* str){
      |                           ~~~~~~~~~^~~
arm-none-eabi-gcc -o "lab5.elf" @"objects.list"   -mcpu=cortex-m4 -T"E:\Embedded_System\STM32_ARM\lab5\STM32F407ZGTX_FLASH.ld" --specs=nosys.specs -Wl,-Map="lab5.map" -Wl,--gc-sections -static --specs=nano.specs -mfpu=fpv4-sp-d16 -mfloat-abi=hard -mthumb -Wl,--start-group -lc -lm -Wl,--end-group
Finished building target: lab5.elf
 
arm-none-eabi-size   lab5.elf 
arm-none-eabi-objdump -h -S  lab5.elf  > "lab5.list"
arm-none-eabi-objcopy  -O binary  lab5.elf  "lab5.bin"
   text	   data	    bss	    dec	    hex	filename
  20084	    128	   2320	  22532	   5804	lab5.elf
Finished building: default.size.stdout
 
Finished building: lab5.bin
 
Finished building: lab5.list
 
01:37:42 **** Incremental Build of configuration Debug for project Bai4_I2C_Realtimeclock ****
make -j8 all 
arm-none-eabi-size   Bai4_I2C_Realtimeclock.elf 
   text	   data	    bss	    dec	    hex	filename
  38144	     32	   2040	  40216	   9d18	Bai4_I2C_Realtimeclock.elf
Finished building: default.size.stdout
 
01:37:42 **** Incremental Build of configuration Debug for project lab5 ****
make -j8 all 
arm-none-eabi-size   lab5.elf 
   text	   data	    bss	    dec	    hex	filename
  20084	    128	   2320	  22532	   5804	lab5.elf
Finished building: default.size.stdout
 
